Archive member included to satisfy reference by file (symbol)

c:/ac6/systemworkbench/plugins/fr.ac6.mcu.externaltools.arm-none.win32_1.16.0.201807130628/tools/compiler/bin/../lib/gcc/arm-none-eabi/7.2.1/../../../../arm-none-eabi/lib/thumb/v7e-m/fpv4-sp/hard\libc_nano.a(lib_a-atoi.o)
                              appbuild/connection.o (atoi)
c:/ac6/systemworkbench/plugins/fr.ac6.mcu.externaltools.arm-none.win32_1.16.0.201807130628/tools/compiler/bin/../lib/gcc/arm-none-eabi/7.2.1/../../../../arm-none-eabi/lib/thumb/v7e-m/fpv4-sp/hard\libc_nano.a(lib_a-exit.o)
                              c:/ac6/systemworkbench/plugins/fr.ac6.mcu.externaltools.arm-none.win32_1.16.0.201807130628/tools/compiler/bin/../lib/gcc/arm-none-eabi/7.2.1/../../../../arm-none-eabi/lib/thumb/v7e-m/fpv4-sp/hard/crt0.o (exit)
c:/ac6/systemworkbench/plugins/fr.ac6.mcu.externaltools.arm-none.win32_1.16.0.201807130628/tools/compiler/bin/../lib/gcc/arm-none-eabi/7.2.1/../../../../arm-none-eabi/lib/thumb/v7e-m/fpv4-sp/hard\libc_nano.a(lib_a-fprintf.o)
                              appbuild/commandline.o (fprintf)
c:/ac6/systemworkbench/plugins/fr.ac6.mcu.externaltools.arm-none.win32_1.16.0.201807130628/tools/compiler/bin/../lib/gcc/arm-none-eabi/7.2.1/../../../../arm-none-eabi/lib/thumb/v7e-m/fpv4-sp/hard\libc_nano.a(lib_a-fputc.o)
                              appbuild/commandline.o (fputc)
c:/ac6/systemworkbench/plugins/fr.ac6.mcu.externaltools.arm-none.win32_1.16.0.201807130628/tools/compiler/bin/../lib/gcc/arm-none-eabi/7.2.1/../../../../arm-none-eabi/lib/thumb/v7e-m/fpv4-sp/hard\libc_nano.a(lib_a-fputs.o)
                              appbuild/commandline.o (fputs)
c:/ac6/systemworkbench/plugins/fr.ac6.mcu.externaltools.arm-none.win32_1.16.0.201807130628/tools/compiler/bin/../lib/gcc/arm-none-eabi/7.2.1/../../../../arm-none-eabi/lib/thumb/v7e-m/fpv4-sp/hard\libc_nano.a(lib_a-fwrite.o)
                              appbuild/commandline.o (fwrite)
c:/ac6/systemworkbench/plugins/fr.ac6.mcu.externaltools.arm-none.win32_1.16.0.201807130628/tools/compiler/bin/../lib/gcc/arm-none-eabi/7.2.1/../../../../arm-none-eabi/lib/thumb/v7e-m/fpv4-sp/hard\libc_nano.a(lib_a-impure.o)
                              c:/ac6/systemworkbench/plugins/fr.ac6.mcu.externaltools.arm-none.win32_1.16.0.201807130628/tools/compiler/bin/../lib/gcc/arm-none-eabi/7.2.1/../../../../arm-none-eabi/lib/thumb/v7e-m/fpv4-sp/hard\libc_nano.a(lib_a-exit.o) (_global_impure_ptr)
c:/ac6/systemworkbench/plugins/fr.ac6.mcu.externaltools.arm-none.win32_1.16.0.201807130628/tools/compiler/bin/../lib/gcc/arm-none-eabi/7.2.1/../../../../arm-none-eabi/lib/thumb/v7e-m/fpv4-sp/hard\libc_nano.a(lib_a-init.o)
                              c:/ac6/systemworkbench/plugins/fr.ac6.mcu.externaltools.arm-none.win32_1.16.0.201807130628/tools/compiler/bin/../lib/gcc/arm-none-eabi/7.2.1/../../../../arm-none-eabi/lib/thumb/v7e-m/fpv4-sp/hard/crt0.o (__libc_init_array)
c:/ac6/systemworkbench/plugins/fr.ac6.mcu.externaltools.arm-none.win32_1.16.0.201807130628/tools/compiler/bin/../lib/gcc/arm-none-eabi/7.2.1/../../../../arm-none-eabi/lib/thumb/v7e-m/fpv4-sp/hard\libc_nano.a(lib_a-locale.o)
                              appbuild/cJSON.o (__locale_ctype_ptr)
c:/ac6/systemworkbench/plugins/fr.ac6.mcu.externaltools.arm-none.win32_1.16.0.201807130628/tools/compiler/bin/../lib/gcc/arm-none-eabi/7.2.1/../../../../arm-none-eabi/lib/thumb/v7e-m/fpv4-sp/hard\libc_nano.a(lib_a-mbtowc_r.o)
                              c:/ac6/systemworkbench/plugins/fr.ac6.mcu.externaltools.arm-none.win32_1.16.0.201807130628/tools/compiler/bin/../lib/gcc/arm-none-eabi/7.2.1/../../../../arm-none-eabi/lib/thumb/v7e-m/fpv4-sp/hard\libc_nano.a(lib_a-locale.o) (__ascii_mbtowc)
c:/ac6/systemworkbench/plugins/fr.ac6.mcu.externaltools.arm-none.win32_1.16.0.201807130628/tools/compiler/bin/../lib/gcc/arm-none-eabi/7.2.1/../../../../arm-none-eabi/lib/thumb/v7e-m/fpv4-sp/hard\libc_nano.a(lib_a-memchr.o)
                              appbuild/er-coap-13.o (memchr)
c:/ac6/systemworkbench/plugins/fr.ac6.mcu.externaltools.arm-none.win32_1.16.0.201807130628/tools/compiler/bin/../lib/gcc/arm-none-eabi/7.2.1/../../../../arm-none-eabi/lib/thumb/v7e-m/fpv4-sp/hard\libc_nano.a(lib_a-memcmp.o)
                              appbuild/at.o (memcmp)
c:/ac6/systemworkbench/plugins/fr.ac6.mcu.externaltools.arm-none.win32_1.16.0.201807130628/tools/compiler/bin/../lib/gcc/arm-none-eabi/7.2.1/../../../../arm-none-eabi/lib/thumb/v7e-m/fpv4-sp/hard\libc_nano.a(lib_a-memcpy-stub.o)
                              appbuild/link_random.o (memcpy)
c:/ac6/systemworkbench/plugins/fr.ac6.mcu.externaltools.arm-none.win32_1.16.0.201807130628/tools/compiler/bin/../lib/gcc/arm-none-eabi/7.2.1/../../../../arm-none-eabi/lib/thumb/v7e-m/fpv4-sp/hard\libc_nano.a(lib_a-memmove.o)
                              appbuild/er-coap-13.o (memmove)
[...]
Memory Configuration

Name             Origin             Length             Attributes
RAM              0x20000000         0x00018000         xrw
FLASH            0x08000000         0x00100000         xr
*default*        0x00000000         0xffffffff

Linker script and memory map

LOAD c:/ac6/systemworkbench/plugins/fr.ac6.mcu.externaltools.arm-none.win32_1.16.0.201807130628/tools/compiler/bin/../lib/gcc/arm-none-eabi/7.2.1/thumb/v7e-m/fpv4-sp/hard/crti.o
LOAD c:/ac6/systemworkbench/plugins/fr.ac6.mcu.externaltools.arm-none.win32_1.16.0.201807130628/tools/compiler/bin/../lib/gcc/arm-none-eabi/7.2.1/thumb/v7e-m/fpv4-sp/hard/crtbegin.o
LOAD c:/ac6/systemworkbench/plugins/fr.ac6.mcu.externaltools.arm-none.win32_1.16.0.201807130628/tools/compiler/bin/../lib/gcc/arm-none-eabi/7.2.1/../../../../arm-none-eabi/lib/thumb/v7e-m/fpv4-sp/hard/crt0.o
LOAD appbuild/link_string.o
LOAD appbuild/link_random.o
LOAD appbuild/link_ring_buffer.o
LOAD appbuild/atiny_log.o
LOAD appbuild/osal.o
LOAD appbuild/los_exc.o
LOAD appbuild/los_dispatch.o
LOAD appbuild/los_hw_tick.o
LOAD appbuild/los_hwi.o
LOAD appbuild/los_svc.o
LOAD appbuild/los_mpu.o
LOAD appbuild/los_hw.o
LOAD appbuild/cmsis_liteos.o
LOAD appbuild/rbtree.o
LOAD appbuild/liteos_errno.o
LOAD appbuild/newlib_stub.o
LOAD appbuild/liteos_imp.o
LOAD appbuild/malloc.o
LOAD appbuild/los_init.o
LOAD appbuild/los_tick.o
LOAD appbuild/los_sys.o
LOAD appbuild/los_timeslice.o
LOAD appbuild/los_task.o
LOAD appbuild/los_priqueue.o
LOAD appbuild/los_swtmr.o
LOAD appbuild/los_queue.o
LOAD appbuild/los_event.o
LOAD appbuild/los_sem.o
LOAD appbuild/los_rwlock.o
LOAD appbuild/los_mux.o
LOAD appbuild/los_memory.o
LOAD appbuild/los_heap.o
LOAD appbuild/los_membox.o
LOAD appbuild/los_slab.o
LOAD appbuild/los_slabmem.o
LOAD appbuild/los_memcheck.o
LOAD appbuild/los_misc.o
LOAD appbuild/los_err.o
LOAD appbuild/los_tickless.o
LOAD appbuild/queue.o
LOAD appbuild/driver.o
LOAD appbuild/at.o
LOAD appbuild/cJSON.o
LOAD appbuild/crc32.o
LOAD appbuild/crc8.o
LOAD appbuild/crc16.o
LOAD appbuild/sal_netdb.o
LOAD appbuild/sal.o
LOAD appbuild/esp8266_socket_imp.o
LOAD appbuild/lwm2m_al.o
LOAD appbuild/er-coap-13.o
LOAD appbuild/data.o
LOAD appbuild/transaction.o
LOAD appbuild/lwm2m_utils.o
LOAD appbuild/block1.o
LOAD appbuild/json.o
LOAD appbuild/uri.o
LOAD appbuild/bootstrap.o
LOAD appbuild/liblwm2m.o
LOAD appbuild/discover.o
LOAD appbuild/list.o
LOAD appbuild/registration.o
LOAD appbuild/observe.o
LOAD appbuild/objects.o
LOAD appbuild/tlv.o
LOAD appbuild/management.o
LOAD appbuild/packet.o
LOAD appbuild/commandline.o
LOAD appbuild/oc_lwm2m_al.o
LOAD appbuild/platform_adapter.o
LOAD appbuild/object_connectivity_moni.o
LOAD appbuild/util_timer.o
LOAD appbuild/object_connectivity_stat.o
LOAD appbuild/object_firmware.o
LOAD appbuild/agent_lwm2m.o
LOAD appbuild/object_access_control.o
LOAD appbuild/atiny_rpt.o
LOAD appbuild/agenttiny.o
LOAD appbuild/object_binary_app_data_container.o
LOAD appbuild/object_server.o
LOAD appbuild/object_security.o
LOAD appbuild/connection.o
LOAD appbuild/agent_tiny_cmd_ioctl.o
LOAD appbuild/object_location.o
LOAD appbuild/object_device.o
LOAD appbuild/link_main.o
LOAD appbuild/gd32f30x_adc.o
LOAD appbuild/gd32f30x_bkp.o
LOAD appbuild/gd32f30x_can.o
LOAD appbuild/gd32f30x_crc.o
LOAD appbuild/gd32f30x_ctc.o
LOAD appbuild/gd32f30x_dac.o
LOAD appbuild/gd32f30x_dbg.o
LOAD appbuild/gd32f30x_dma.o
LOAD appbuild/gd32f30x_enet.o
LOAD appbuild/gd32f30x_exmc.o
LOAD appbuild/gd32f30x_exti.o
LOAD appbuild/gd32f30x_fmc.o
LOAD appbuild/gd32f30x_fwdgt.o
LOAD appbuild/gd32f30x_gpio.o
LOAD appbuild/gd32f30x_i2c.o
LOAD appbuild/gd32f30x_misc.o
LOAD appbuild/gd32f30x_pmu.o
LOAD appbuild/gd32f30x_rcu.o
LOAD appbuild/gd32f30x_rtc.o
LOAD appbuild/gd32f30x_sdio.o
LOAD appbuild/gd32f30x_spi.o
LOAD appbuild/gd32f30x_timer.o
LOAD appbuild/gd32f30x_usart.o
LOAD appbuild/gd32f30x_wwdgt.o
LOAD appbuild/lcd.o
LOAD appbuild/write.o
LOAD appbuild/main.o
LOAD appbuild/system_gd32f30x.o
LOAD appbuild/gd32f30x_it.o
LOAD appbuild/systick.o
LOAD appbuild/i2c.o
LOAD appbuild/BearPi-IoT_gd32f303.o
LOAD appbuild/uart_debug.o
LOAD appbuild/Huawei_IoT_QR_Code.o
LOAD appbuild/uart_at.o
LOAD appbuild/oc_agriculture_template.o
LOAD appbuild/E53_IA1.o
LOAD appbuild/los_startup.o
LOAD c:/ac6/systemworkbench/plugins/fr.ac6.mcu.externaltools.arm-none.win32_1.16.0.201807130628/tools/compiler/bin/../lib/gcc/arm-none-eabi/7.2.1/../../../../arm-none-eabi/lib/thumb/v7e-m/fpv4-sp/hard\libc_nano.a
LOAD c:/ac6/systemworkbench/plugins/fr.ac6.mcu.externaltools.arm-none.win32_1.16.0.201807130628/tools/compiler/bin/../lib/gcc/arm-none-eabi/7.2.1/../../../../arm-none-eabi/lib/thumb/v7e-m/fpv4-sp/hard\libm.a
LOAD c:/ac6/systemworkbench/plugins/fr.ac6.mcu.externaltools.arm-none.win32_1.16.0.201807130628/tools/compiler/bin/../lib/gcc/arm-none-eabi/7.2.1/../../../../arm-none-eabi/lib/thumb/v7e-m/fpv4-sp/hard\libnosys.a
START GROUP
LOAD c:/ac6/systemworkbench/plugins/fr.ac6.mcu.externaltools.arm-none.win32_1.16.0.201807130628/tools/compiler/bin/../lib/gcc/arm-none-eabi/7.2.1/thumb/v7e-m/fpv4-sp/hard\libgcc.a
LOAD c:/ac6/systemworkbench/plugins/fr.ac6.mcu.externaltools.arm-none.win32_1.16.0.201807130628/tools/compiler/bin/../lib/gcc/arm-none-eabi/7.2.1/../../../../arm-none-eabi/lib/thumb/v7e-m/fpv4-sp/hard\libc_nano.a
END GROUP
START GROUP
LOAD c:/ac6/systemworkbench/plugins/fr.ac6.mcu.externaltools.arm-none.win32_1.16.0.201807130628/tools/compiler/bin/../lib/gcc/arm-none-eabi/7.2.1/thumb/v7e-m/fpv4-sp/hard\libgcc.a
LOAD c:/ac6/systemworkbench/plugins/fr.ac6.mcu.externaltools.arm-none.win32_1.16.0.201807130628/tools/compiler/bin/../lib/gcc/arm-none-eabi/7.2.1/../../../../arm-none-eabi/lib/thumb/v7e-m/fpv4-sp/hard\libc_nano.a
END GROUP
LOAD c:/ac6/systemworkbench/plugins/fr.ac6.mcu.externaltools.arm-none.win32_1.16.0.201807130628/tools/compiler/bin/../lib/gcc/arm-none-eabi/7.2.1/thumb/v7e-m/fpv4-sp/hard/crtend.o
LOAD c:/ac6/systemworkbench/plugins/fr.ac6.mcu.externaltools.arm-none.win32_1.16.0.201807130628/tools/compiler/bin/../lib/gcc/arm-none-eabi/7.2.1/thumb/v7e-m/fpv4-sp/hard/crtn.o
                0x20018000                _estack = 0x20018000
                0x00000200                _Min_Heap_Size = 0x200
                0x00000400                _Min_Stack_Size = 0x400

.isr_vector     0x08000000      0x400
                0x08000000                . = ALIGN (0x4)
 *(.isr_vector)
 .isr_vector    0x08000000      0x400 appbuild/los_hwi.o
                0x08000000                g_pstHwiForm
                0x08000400                . = ALIGN (0x4)

.text           0x08000400    0x1ebd0
                0x08000400                . = ALIGN (0x4)
 *(.text)
 .text          0x08000400       0x40 c:/ac6/systemworkbench/plugins/fr.ac6.mcu.externaltools.arm-none.win32_1.16.0.201807130628/tools/compiler/bin/../lib/gcc/arm-none-eabi/7.2.1/thumb/v7e-m/fpv4-sp/hard/crtbegin.o
 .text          0x08000440       0x60 appbuild/los_startup.o
                0x08000440                Reset_Handler
 .text          0x080004a0       0xa0 c:/ac6/systemworkbench/plugins/fr.ac6.mcu.externaltools.arm-none.win32_1.16.0.201807130628/tools/compiler/bin/../lib/gcc/arm-none-eabi/7.2.1/../../../../arm-none-eabi/lib/thumb/v7e-m/fpv4-sp/hard\libc_nano.a(lib_a-memchr.o)
                0x080004a0                memchr
 .text          0x08000540       0x14 c:/ac6/systemworkbench/plugins/fr.ac6.mcu.externaltools.arm-none.win32_1.16.0.201807130628/tools/compiler/bin/../lib/gcc/arm-none-eabi/7.2.1/../../../../arm-none-eabi/lib/thumb/v7e-m/fpv4-sp/hard\libc_nano.a(lib_a-strcmp.o)
                0x08000540                strcmp
 .text          0x08000554       0x10 c:/ac6/systemworkbench/plugins/fr.ac6.mcu.externaltools.arm-none.win32_1.16.0.201807130628/tools/compiler/bin/../lib/gcc/arm-none-eabi/7.2.1/../../../../arm-none-eabi/lib/thumb/v7e-m/fpv4-sp/hard\libc_nano.a(lib_a-strlen.o)
                0x08000554                strlen
 .text          0x08000564      0x378 c:/ac6/systemworkbench/plugins/fr.ac6.mcu.externaltools.arm-none.win32_1.16.0.201807130628/tools/compiler/bin/../lib/gcc/arm-none-eabi/7.2.1/thumb/v7e-m/fpv4-sp/hard\libgcc.a(_arm_addsubdf3.o)
                0x08000564                __aeabi_drsub
                0x0800056c                __aeabi_dsub
                0x0800056c                __subdf3
                0x08000570                __aeabi_dadd
                0x08000570                __adddf3
                0x080007e8                __floatunsidf
                0x080007e8                __aeabi_ui2d
                0x08000808                __floatsidf
                0x08000808                __aeabi_i2d
                0x0800082c                __aeabi_f2d
                0x0800082c                __extendsfdf2
                0x08000870                __floatundidf
                0x08000870                __aeabi_ul2d
                0x08000880                __floatdidf
                0x08000880                __aeabi_l2d
 .text          0x080008dc      0x424 c:/ac6/systemworkbench/plugins/fr.ac6.mcu.externaltools.arm-none.win32_1.16.0.201807130628/tools/compiler/bin/../lib/gcc/arm-none-eabi/7.2.1/thumb/v7e-m/fpv4-sp/hard\libgcc.a(_arm_muldivdf3.o)
                0x080008dc                __aeabi_dmul
                0x080008dc                __muldf3
                0x08000b30                __divdf3
                0x08000b30                __aeabi_ddiv
 .text          0x08000d00      0x110 c:/ac6/systemworkbench/plugins/fr.ac6.mcu.externaltools.arm-none.win32_1.16.0.201807130628/tools/compiler/bin/../lib/gcc/arm-none-eabi/7.2.1/thumb/v7e-m/fpv4-sp/hard\libgcc.a(_arm_cmpdf2.o)
                0x08000d00                __gtdf2
                0x08000d00                __gedf2
                0x08000d08                __ltdf2
                0x08000d08                __ledf2
                0x08000d10                __nedf2
                0x08000d10                __eqdf2
                0x08000d10                __cmpdf2
                0x08000d8c                __aeabi_cdrcmple
                0x08000d9c                __aeabi_cdcmpeq
                0x08000d9c                __aeabi_cdcmple
                0x08000dac                __aeabi_dcmpeq
                0x08000dc0                __aeabi_dcmplt
                0x08000dd4                __aeabi_dcmple
                0x08000de8                __aeabi_dcmpge
                0x08000dfc                __aeabi_dcmpgt
 .text          0x08000e10       0x40 c:/ac6/systemworkbench/plugins/fr.ac6.mcu.externaltools.arm-none.win32_1.16.0.201807130628/tools/compiler/bin/../lib/gcc/arm-none-eabi/7.2.1/thumb/v7e-m/fpv4-sp/hard\libgcc.a(_arm_fixunsdfsi.o)
                0x08000e10                __aeabi_d2uiz
                0x08000e10                __fixunsdfsi
 .text          0x08000e50       0xa0 c:/ac6/systemworkbench/plugins/fr.ac6.mcu.externaltools.arm-none.win32_1.16.0.201807130628/tools/compiler/bin/../lib/gcc/arm-none-eabi/7.2.1/thumb/v7e-m/fpv4-sp/hard\libgcc.a(_arm_truncdfsf2.o)
                0x08000e50                __truncdfsf2
                0x08000e50                __aeabi_d2f
 .text          0x08000ef0       0xa0 c:/ac6/systemworkbench/plugins/fr.ac6.mcu.externaltools.arm-none.win32_1.16.0.201807130628/tools/compiler/bin/../lib/gcc/arm-none-eabi/7.2.1/thumb/v7e-m/fpv4-sp/hard\libgcc.a(_aeabi_ldivmod.o)
                0x08000ef0                __aeabi_ldivmod
 .text          0x08000f90       0x30 c:/ac6/systemworkbench/plugins/fr.ac6.mcu.externaltools.arm-none.win32_1.16.0.201807130628/tools/compiler/bin/../lib/gcc/arm-none-eabi/7.2.1/thumb/v7e-m/fpv4-sp/hard\libgcc.a(_aeabi_uldivmod.o)
                0x08000f90                __aeabi_uldivmod
 .text          0x08000fc0       0x30 c:/ac6/systemworkbench/plugins/fr.ac6.mcu.externaltools.arm-none.win32_1.16.0.201807130628/tools/compiler/bin/../lib/gcc/arm-none-eabi/7.2.1/thumb/v7e-m/fpv4-sp/hard\libgcc.a(_fixdfdi.o)
                0x08000fc0                __fixdfdi
                0x08000fc0                __aeabi_d2lz
 .text          0x08000ff0       0x44 c:/ac6/systemworkbench/plugins/fr.ac6.mcu.externaltools.arm-none.win32_1.16.0.201807130628/tools/compiler/bin/../lib/gcc/arm-none-eabi/7.2.1/thumb/v7e-m/fpv4-sp/hard\libgcc.a(_fixunsdfdi.o)
                0x08000ff0                __fixunsdfdi
                0x08000ff0                __aeabi_d2ulz
 .text          0x08001034      0x2cc c:/ac6/systemworkbench/plugins/fr.ac6.mcu.externaltools.arm-none.win32_1.16.0.201807130628/tools/compiler/bin/../lib/gcc/arm-none-eabi/7.2.1/thumb/v7e-m/fpv4-sp/hard\libgcc.a(_udivmoddi4.o)
                0x08001034                __udivmoddi4
 .text          0x08001300        0x4 c:/ac6/systemworkbench/plugins/fr.ac6.mcu.externaltools.arm-none.win32_1.16.0.201807130628/tools/compiler/bin/../lib/gcc/arm-none-eabi/7.2.1/thumb/v7e-m/fpv4-sp/hard\libgcc.a(_dvmd_tls.o)
                0x08001300                __aeabi_idiv0
                0x08001300                __aeabi_ldiv0
 *(.text*)
 .text.osal_strdup
                0x08001304       0x4e appbuild/link_string.o
                0x08001304                osal_strdup
 .text.link_random
                0x08001352       0x6c appbuild/link_random.o
                0x08001352                link_random
 .text.ring_buffer_init
                0x080013be       0x48 appbuild/link_ring_buffer.o
                0x080013be                ring_buffer_init
 .text.ring_buffer_write
                0x08001406      0x162 appbuild/link_ring_buffer.o
                0x08001406                ring_buffer_write
 .text.ring_buffer_read
                0x08001568      0x104 appbuild/link_ring_buffer.o
                0x08001568                ring_buffer_read
 .text.ring_buffer_datalen
                0x0800166c       0x28 appbuild/link_ring_buffer.o
                0x0800166c                ring_buffer_datalen
 .text.ring_buffer_reset
                0x08001694       0x32 appbuild/link_ring_buffer.o
                0x08001694                ring_buffer_reset
 *fill*         0x080016c6        0x2 
 .text.atiny_printf
                0x080016c8       0x68 appbuild/atiny_log.o
                0x080016c8                atiny_printf
 .text.atiny_get_log_level
                0x08001730       0x18 appbuild/atiny_log.o
                0x08001730                atiny_get_log_level
 .text.atiny_get_log_level_name
                0x08001748       0x30 appbuild/atiny_log.o
                0x08001748                atiny_get_log_level_name
 .text.osal_install
                0x08001778       0x34 appbuild/osal.o
                0x08001778                osal_install
 .text.osal_task_create
                0x080017ac       0x5c appbuild/osal.o
                0x080017ac                osal_task_create
 .text.osal_task_kill
                0x08001808       0x48 appbuild/osal.o
                0x08001808                osal_task_kill
 .text.osal_task_sleep
                0x08001850       0x40 appbuild/osal.o
                0x08001850                osal_task_sleep
 .text.osal_mutex_create
                0x08001890       0x48 appbuild/osal.o
                0x08001890                osal_mutex_create
 .text.osal_mutex_lock
                0x080018d8       0x48 appbuild/osal.o
                0x080018d8                osal_mutex_lock
 .text.osal_mutex_unlock
                0x08001920       0x48 appbuild/osal.o
                0x08001920                osal_mutex_unlock
 .text.osal_mutex_del
                0x08001968       0x48 appbuild/osal.o
                0x08001968                osal_mutex_del
 .text.osal_semp_create
                0x080019b0       0x50 appbuild/osal.o
                0x080019b0                osal_semp_create
 .text.osal_semp_pend
                0x08001a00       0x4c appbuild/osal.o
                0x08001a00                osal_semp_pend
 .text.osal_semp_post
                0x08001a4c       0x48 appbuild/osal.o
                0x08001a4c                osal_semp_post
 .text.osal_semp_del
                0x08001a94       0x48 appbuild/osal.o
                0x08001a94                osal_semp_del
 .text.osal_malloc
                0x08001adc       0x48 appbuild/osal.o
                0x08001adc                osal_malloc
 .text.osal_free
                0x08001b24       0x40 appbuild/osal.o
                0x08001b24                osal_free
 .text.osal_zalloc
                0x08001b64       0x58 appbuild/osal.o
                0x08001b64                osal_zalloc
 .text.osal_realloc
                0x08001bbc       0x4c appbuild/osal.o
                0x08001bbc                osal_realloc
 .text.osal_sys_time
                0x08001c08       0x50 appbuild/osal.o
                0x08001c08                osal_sys_time
 .text.osal_reboot
                0x08001c58       0x44 appbuild/osal.o
                0x08001c58                osal_reboot
 .text.osal_init
                0x08001c9c       0x10 appbuild/osal.o
                0x08001c9c                osal_init
 .text.LOS_StartToRun
                0x08001cac       0x68 appbuild/los_dispatch.o
                0x08001cac                LOS_StartToRun
 .text.LOS_IntLock
                0x08001d14        0xc appbuild/los_dispatch.o
                0x08001d14                LOS_IntLock
 .text.LOS_IntRestore
                0x08001d20        0x8 appbuild/los_dispatch.o
                0x08001d20                LOS_IntRestore
 .text.osTaskSchedule
                0x08001d28       0x10 appbuild/los_dispatch.o
                0x08001d28                osTaskSchedule
 .text.PendSV_Handler
                0x08001d38       0x74 appbuild/los_dispatch.o
                0x08001d38                PendSV_Handler
 .text.__NVIC_SetPriority
                0x08001dac       0x54 appbuild/los_hw_tick.o
 .text.SysTick_Config
                0x08001e00       0x44 appbuild/los_hw_tick.o
 .text.osTickStart
                0x08001e44       0x9c appbuild/los_hw_tick.o
                0x08001e44                osTickStart
 .text.__NVIC_SetPriorityGrouping
                0x08001ee0       0x48 appbuild/los_hwi.o
 .text.__NVIC_EnableIRQ
                0x08001f28       0x3c appbuild/los_hwi.o
 .text.__NVIC_SetPriority
                0x08001f64       0x54 appbuild/los_hwi.o
 .text.osIntNumGet
                0x08001fb8       0x1a appbuild/los_hwi.o
                0x08001fb8                osIntNumGet
 *fill*         0x08001fd2        0x2 
 .text.osHwiDefaultHandler
                0x08001fd4       0x28 appbuild/los_hwi.o
                0x08001fd4                osHwiDefaultHandler
 .text.Debug_Handler
                0x08001ffc        0xc appbuild/los_hwi.o
                0x08001ffc                Debug_Handler
 .text.osInterrupt
                0x08002008       0x6c appbuild/los_hwi.o
                0x08002008                osInterrupt
 .text.osHwiInit
                0x08002074       0x1c appbuild/los_hwi.o
                0x08002074                osHwiInit
 .text.LOS_HwiCreate
                0x08002090       0x84 appbuild/los_hwi.o
                0x08002090                LOS_HwiCreate
 .text.osSchedule
                0x08002114        0xc appbuild/los_hw.o
                0x08002114                osSchedule
 .text.LOS_Schedule
                0x08002120       0x4c appbuild/los_hw.o
                0x08002120                LOS_Schedule
 .text.osTaskExit
                0x0800216c        0x8 appbuild/los_hw.o
                0x0800216c                osTaskExit
 .text.osTskStackInit
                0x08002174       0xdc appbuild/los_hw.o
                0x08002174                osTskStackInit
 .text.osTskStackAlloc
                0x08002250       0x3c appbuild/los_hw.o
                0x08002250                osTskStackAlloc
 .text.osKernelGetTickCount
                0x0800228c       0x48 appbuild/cmsis_liteos.o
                0x0800228c                osKernelGetTickCount
 .text._malloc_r
                0x080022d4       0x1a appbuild/newlib_stub.o
                0x080022d4                _malloc_r
 .text._realloc_r
                0x080022ee       0x1e appbuild/newlib_stub.o
                0x080022ee                _realloc_r
 .text._free_r  0x0800230c       0x18 appbuild/newlib_stub.o
                0x0800230c                _free_r
 .text.__task_sleep
                0x08002324       0x18 appbuild/liteos_imp.o
 .text.__task_create
                0x0800233c       0x64 appbuild/liteos_imp.o
 .text.__task_kill
                0x080023a0       0x32 appbuild/liteos_imp.o
 .text.__task_exit
                0x080023d2        0x6 appbuild/liteos_imp.o
 .text.__mutex_create
                0x080023d8       0x22 appbuild/liteos_imp.o
 .text.__mutex_lock
                0x080023fa       0x28 appbuild/liteos_imp.o
 .text.__mutex_unlock
                0x08002422       0x24 appbuild/liteos_imp.o
 .text.__mutex_del
                0x08002446       0x24 appbuild/liteos_imp.o
 .text.__semp_create
                0x0800246a       0x30 appbuild/liteos_imp.o
 .text.__semp_pend
                0x0800249a       0x38 appbuild/liteos_imp.o
 .text.__semp_post
                0x080024d2       0x24 appbuild/liteos_imp.o
 .text.__semp_del
                0x080024f6       0x24 appbuild/liteos_imp.o
 *fill*         0x0800251a        0x2 
 .text.__mem_malloc
                0x0800251c       0x3c appbuild/liteos_imp.o
 .text.__mem_free
                0x08002558       0x20 appbuild/liteos_imp.o
 .text.__get_sys_time
                0x08002578       0x12 appbuild/liteos_imp.o
 .text.liteos_reboot
                0x0800258a        0x6 appbuild/liteos_imp.o
                0x0800258a                liteos_reboot
 .text.__int_connect
                0x08002590       0x2c appbuild/liteos_imp.o
 .text.osal_install_liteos
                0x080025bc       0x24 appbuild/liteos_imp.o
                0x080025bc                osal_install_liteos
 .text.free     0x080025e0       0x16 appbuild/malloc.o
                0x080025e0                free
 .text.malloc   0x080025f6       0x18 appbuild/malloc.o
                0x080025f6                malloc
 .text.realloc  0x0800260e       0x1c appbuild/malloc.o
                0x0800260e                realloc
 *fill*         0x0800262a        0x2 
 .text.osRegister
                0x0800262c       0x18 appbuild/los_init.o
 .text.LOS_Start
                0x08002644       0x38 appbuild/los_init.o
                0x08002644                LOS_Start
 .text.LOS_KernelInit
                0x0800267c       0xd8 appbuild/los_init.o
                0x0800267c                LOS_KernelInit
 .text.osTickHandler
                0x08002754       0x48 appbuild/los_tick.o
                0x08002754                osTickHandler
 .text.LOS_TickCountGet
                0x0800279c       0x18 appbuild/los_sys.o
                0x0800279c                LOS_TickCountGet
 .text.osTimesliceInit
                0x080027b4       0x20 appbuild/los_timeslice.o
                0x080027b4                osTimesliceInit
 .text.osTimesliceCheck
                0x080027d4       0x5c appbuild/los_timeslice.o
                0x080027d4                osTimesliceCheck
 .text.LOS_ListInit
                0x08002830       0x20 appbuild/los_task.o
 .text.LOS_ListAdd
                0x08002850       0x32 appbuild/los_task.o
 .text.LOS_ListTailInsert
                0x08002882       0x1e appbuild/los_task.o
 .text.LOS_ListDelete
                0x080028a0       0x34 appbuild/los_task.o
 .text.LOS_ListEmpty
                0x080028d4       0x24 appbuild/los_task.o
 .text.osIdleTask
                0x080028f8        0x6 appbuild/los_task.o
                0x080028f8                osIdleTask
 .text.osTaskPriModify
                0x080028fe       0x66 appbuild/los_task.o
                0x080028fe                osTaskPriModify
 .text.osTaskAdd2TimerList
                0x08002964      0x110 appbuild/los_task.o
                0x08002964                osTaskAdd2TimerList
 .text.osTimerListDelete
                0x08002a74       0x64 appbuild/los_task.o
                0x08002a74                osTimerListDelete
 .text.osTaskScan
                0x08002ad8      0x14c appbuild/los_task.o
                0x08002ad8                osTaskScan
 .text.osTaskInit
                0x08002c24      0x130 appbuild/los_task.o
                0x08002c24                osTaskInit
 .text.osIdleTaskCreate
                0x08002d54       0x50 appbuild/los_task.o
                0x08002d54                osIdleTaskCreate
 .text.LOS_CurTaskIDGet
                0x08002da4       0x28 appbuild/los_task.o
                0x08002da4                LOS_CurTaskIDGet
 .text.osTaskSwitchCheck
                0x08002dcc      0x128 appbuild/los_task.o
                0x08002dcc                osTaskSwitchCheck
 .text.osTaskMonInit
                0x08002ef4       0x38 appbuild/los_task.o
                0x08002ef4                osTaskMonInit
 .text.osTaskEntry
                0x08002f2c       0x3c appbuild/los_task.o
                0x08002f2c                osTaskEntry
 .text.LOS_TaskCreateOnly
                0x08002f68      0x1d8 appbuild/los_task.o
                0x08002f68                LOS_TaskCreateOnly
 .text.LOS_TaskCreate
                0x08003140       0xec appbuild/los_task.o
                0x08003140                LOS_TaskCreate
 .text.LOS_TaskDelete
                0x0800322c      0x200 appbuild/los_task.o
                0x0800322c                LOS_TaskDelete
 .text.LOS_TaskDelay
                0x0800342c       0x98 appbuild/los_task.o
                0x0800342c                LOS_TaskDelay
 .text.osTaskWait
                0x080034c4       0x74 appbuild/los_task.o
                0x080034c4                osTaskWait
 .text.osTaskWake
                0x08003538       0x7c appbuild/los_task.o
                0x08003538                osTaskWake
 .text.LOS_TaskYield
                0x080035b4       0xac appbuild/los_task.o
                0x080035b4                LOS_TaskYield
 .text.LOS_ListInit
                0x08003660       0x20 appbuild/los_priqueue.o
 .text.LOS_ListAdd
                0x08003680       0x32 appbuild/los_priqueue.o
 .text.LOS_ListTailInsert
                0x080036b2       0x1e appbuild/los_priqueue.o
 .text.LOS_ListDelete
                0x080036d0       0x34 appbuild/los_priqueue.o
 .text.LOS_ListEmpty
                0x08003704       0x24 appbuild/los_priqueue.o
 .text.osPriqueueInit
                0x08003728       0x64 appbuild/los_priqueue.o
                0x08003728                osPriqueueInit
 .text.osPriqueueEnqueue
                0x0800378c       0x54 appbuild/los_priqueue.o
                0x0800378c                osPriqueueEnqueue
 .text.osPriqueueDequeue
                0x080037e0       0x54 appbuild/los_priqueue.o
                0x080037e0                osPriqueueDequeue
 .text.osPriqueueTop
                0x08003834       0x40 appbuild/los_priqueue.o
                0x08003834                osPriqueueTop
 .text.osPriqueueSize
                0x08003874       0x50 appbuild/los_priqueue.o
                0x08003874                osPriqueueSize
 .text.osSwTmrTask
                0x080038c4       0x64 appbuild/los_swtmr.o
                0x080038c4                osSwTmrTask
 .text.osSwTmrTaskCreate
                0x08003928       0x48 appbuild/los_swtmr.o
                0x08003928                osSwTmrTaskCreate
 .text.osSwTmrInit
                0x08003970       0xdc appbuild/los_swtmr.o
                0x08003970                osSwTmrInit
 .text.osSwTmrStart
                0x08003a4c      0x2b4 appbuild/los_swtmr.o
                0x08003a4c                osSwTmrStart
 .text.osSwtmrDelete
                0x08003d00       0x40 appbuild/los_swtmr.o
 .text.osSwTmrTimeoutHandle
                0x08003d40       0xac appbuild/los_swtmr.o
 .text.osSwtmrScan
                0x08003dec       0x2c appbuild/los_swtmr.o
                0x08003dec                osSwtmrScan
 .text.LOS_ListInit
                0x08003e18       0x20 appbuild/los_queue.o
 .text.LOS_ListAdd
                0x08003e38       0x32 appbuild/los_queue.o
 .text.LOS_ListTailInsert
                0x08003e6a       0x1e appbuild/los_queue.o
 .text.LOS_ListDelete
                0x08003e88       0x34 appbuild/los_queue.o
 .text.LOS_ListEmpty
                0x08003ebc       0x24 appbuild/los_queue.o
 .text.osQueueInit
                0x08003ee0       0x8c appbuild/los_queue.o
                0x08003ee0                osQueueInit
 .text.LOS_QueueCreate
                0x08003f6c      0x11c appbuild/los_queue.o
                0x08003f6c                LOS_QueueCreate
 .text.osQueueReadParameterCheck
                0x08004088       0x68 appbuild/los_queue.o
 .text.osQueueWriteParameterCheck
                0x080040f0       0x64 appbuild/los_queue.o
 .text.osQueueBufferOperate
                0x08004154      0x148 appbuild/los_queue.o
 .text.osQueueOperate
                0x0800429c      0x1d0 appbuild/los_queue.o
                0x0800429c                osQueueOperate
 .text.LOS_QueueReadCopy
                0x0800446c       0x44 appbuild/los_queue.o
                0x0800446c                LOS_QueueReadCopy
 .text.LOS_QueueWriteCopy
                0x080044b0       0x46 appbuild/los_queue.o
                0x080044b0                LOS_QueueWriteCopy
 .text.LOS_ListInit
                0x080044f6       0x20 appbuild/los_sem.o
 .text.LOS_ListAdd
                0x08004516       0x32 appbuild/los_sem.o
 .text.LOS_ListTailInsert
                0x08004548       0x1e appbuild/los_sem.o
 .text.LOS_ListDelete
                0x08004566       0x34 appbuild/los_sem.o
 .text.LOS_ListEmpty
                0x0800459a       0x24 appbuild/los_sem.o
 *fill*         0x080045be        0x2 
 .text.osSemInit
                0x080045c0       0x7c appbuild/los_sem.o
                0x080045c0                osSemInit
 .text.osSemCreate
                0x0800463c       0xc4 appbuild/los_sem.o
                0x0800463c                osSemCreate
 .text.LOS_SemDelete
                0x08004700       0xc4 appbuild/los_sem.o
                0x08004700                LOS_SemDelete
 .text.LOS_SemPend
                0x080047c4      0x15c appbuild/los_sem.o
                0x080047c4                LOS_SemPend
 .text.LOS_SemPost
                0x08004920       0xd0 appbuild/los_sem.o
                0x08004920                LOS_SemPost
 .text.LOS_ListInit
                0x080049f0       0x20 appbuild/los_mux.o
 .text.LOS_ListAdd
                0x08004a10       0x32 appbuild/los_mux.o
 .text.LOS_ListTailInsert
                0x08004a42       0x1e appbuild/los_mux.o
 .text.LOS_ListDelete
                0x08004a60       0x34 appbuild/los_mux.o
 .text.LOS_ListEmpty
                0x08004a94       0x24 appbuild/los_mux.o
 .text.osMuxInit
                0x08004ab8       0x70 appbuild/los_mux.o
                0x08004ab8                osMuxInit
 .text.LOS_MuxCreate
                0x08004b28       0xb8 appbuild/los_mux.o
                0x08004b28                LOS_MuxCreate
 .text.LOS_MuxDelete
                0x08004be0       0xc0 appbuild/los_mux.o
                0x08004be0                LOS_MuxDelete
 .text.LOS_MuxPend
                0x08004ca0      0x1b0 appbuild/los_mux.o
                0x08004ca0                LOS_MuxPend
 .text.LOS_MuxPost
                0x08004e50      0x120 appbuild/los_mux.o
                0x08004e50                LOS_MuxPost
 .text.LOS_MemInit
                0x08004f70       0x6a appbuild/los_memory.o
                0x08004f70                LOS_MemInit
 *fill*         0x08004fda        0x2 
 .text.osMemSystemInit
                0x08004fdc       0x78 appbuild/los_memory.o
                0x08004fdc                osMemSystemInit
 .text.osHeapAllocAlign
                0x08005054       0x20 appbuild/los_memory.o
                0x08005054                osHeapAllocAlign
 .text.osHeapAlloc
                0x08005074       0x1c appbuild/los_memory.o
                0x08005074                osHeapAlloc
 .text.osHeapFree
                0x08005090       0x26 appbuild/los_memory.o
                0x08005090                osHeapFree
 .text.LOS_MemAlloc
                0x080050b6       0x46 appbuild/los_memory.o
                0x080050b6                LOS_MemAlloc
 .text.LOS_MemAllocAlign
                0x080050fc       0x20 appbuild/los_memory.o
                0x080050fc                LOS_MemAllocAlign
 .text.LOS_MemFree
                0x0800511c       0x4c appbuild/los_memory.o
                0x0800511c                LOS_MemFree
 .text.osSlabCtrlHdrGet
                0x08005168       0x1a appbuild/los_memory.o
                0x08005168                osSlabCtrlHdrGet
 .text.dlist_init
                0x08005182       0x22 appbuild/los_heap.o
 .text.__dlist_add_at
                0x080051a4       0x30 appbuild/los_heap.o
 .text.dlist_add_tail
                0x080051d4       0x20 appbuild/los_heap.o
 .text.dlist_del
                0x080051f4       0x28 appbuild/los_heap.o
 .text.dlist_empty
                0x0800521c       0x24 appbuild/los_heap.o
 .text.__is_free
                0x08005240       0x26 appbuild/los_heap.o
 .text.__set_chunk_allocated
                0x08005266       0x20 appbuild/los_heap.o
 .text.__set_chunk_free
                0x08005286       0x20 appbuild/los_heap.o
 .text.__get_next_chunk
                0x080052a6       0x20 appbuild/los_heap.o
 .text.__get_prev_chunk
                0x080052c6       0x18 appbuild/los_heap.o
 .text.__get_mem_block
                0x080052de       0x18 appbuild/los_heap.o
 .text.__get_ach_from_mem
                0x080052f6       0x2e appbuild/los_heap.o
 .text.__set_ach_to_mem
                0x08005324       0x1e appbuild/los_heap.o
 .text.__cm_init
                0x08005342       0x16 appbuild/los_heap.o
 .text.__get_fl_idx
                0x08005358       0x1e appbuild/los_heap.o
 .text.__get_sl_idx
                0x08005376       0x22 appbuild/los_heap.o
 .text.__cm_put_chunk
                0x08005398       0xcc appbuild/los_heap.o
 .text.__cm_del_chunk
                0x08005464       0xdc appbuild/los_heap.o
 .text.__cm_get_chunk
                0x08005540       0xce appbuild/los_heap.o
 .text.__stat_chunk_add
                0x0800560e       0x32 appbuild/los_heap.o
 .text.__stat_chunk_del
                0x08005640       0x32 appbuild/los_heap.o
 .text.__stat_chunk_alloc
                0x08005672       0x74 appbuild/los_heap.o
 .text.__stat_chunk_free
                0x080056e6       0x60 appbuild/los_heap.o
 .text.__put_chunk
                0x08005746       0x38 appbuild/los_heap.o
 .text.__del_chunk
                0x0800577e       0x2a appbuild/los_heap.o
 .text.__get_chunk
                0x080057a8       0x2e appbuild/los_heap.o
 .text.heap_init
                0x080057d6       0x4a appbuild/los_heap.o
                0x080057d6                heap_init
 .text.heap_add
                0x08005820      0x10a appbuild/los_heap.o
                0x08005820                heap_add
 .text.__carve_extra
                0x0800592a       0xf6 appbuild/los_heap.o
 .text.heap_alloc_align
                0x08005a20       0xac appbuild/los_heap.o
                0x08005a20                heap_alloc_align
 .text.heap_alloc
                0x08005acc       0x1e appbuild/los_heap.o
                0x08005acc                heap_alloc
 .text.heap_free
                0x08005aea       0xdc appbuild/los_heap.o
                0x08005aea                heap_free
 .text.osAtomicBitsetGetNumBits
                0x08005bc6       0x18 appbuild/los_slab.o
                0x08005bc6                osAtomicBitsetGetNumBits
 .text.osAtomicBitsetGetBit
                0x08005bde       0x48 appbuild/los_slab.o
                0x08005bde                osAtomicBitsetGetBit
 .text.osAtomicBitsetClearBit
                0x08005c26       0x48 appbuild/los_slab.o
                0x08005c26                osAtomicBitsetClearBit
 .text.osAtomicBitsetFindClearAndSet
                0x08005c6e       0x8e appbuild/los_slab.o
                0x08005c6e                osAtomicBitsetFindClearAndSet
 .text.osSlabAllocatorAlloc
                0x08005cfc       0x36 appbuild/los_slab.o
                0x08005cfc                osSlabAllocatorAlloc
 .text.osSlabAllocatorFree
                0x08005d32       0x76 appbuild/los_slab.o
                0x08005d32                osSlabAllocatorFree
 .text.osSlabBlockHeadFill
                0x08005da8       0x30 appbuild/los_slabmem.o
                0x08005da8                osSlabBlockHeadFill
 .text.osSlabMemAlloc
                0x08005dd8       0xee appbuild/los_slabmem.o
                0x08005dd8                osSlabMemAlloc
 .text.osSlabMemFree
                0x08005ec6       0xaa appbuild/los_slabmem.o
                0x08005ec6                osSlabMemFree
 .text.LOS_Align
                0x08005f70       0x3c appbuild/los_misc.o
                0x08005f70                LOS_Align
 .text.LOS_ErrHandle
                0x08005fac       0x48 appbuild/los_err.o
                0x08005fac                LOS_ErrHandle
 .text.__driv_match
                0x08005ff4       0x44 appbuild/driver.o
 .text.los_driv_register
                0x08006038       0xcc appbuild/driver.o
                0x08006038                los_driv_register
 .text.osdriv_load_static
                0x08006104       0x4c appbuild/driver.o
 .text.los_driv_init
                0x08006150       0x30 appbuild/driver.o
                0x08006150                los_driv_init
 .text.los_dev_open
                0x08006180      0x13c appbuild/driver.o
                0x08006180                los_dev_open
 .text.los_dev_read
                0x080062bc       0x80 appbuild/driver.o
                0x080062bc                los_dev_read
 .text.los_dev_write
                0x0800633c       0x8c appbuild/driver.o
                0x0800633c                los_dev_write
 .text.__cmd_send
                0x080063c8       0xb8 appbuild/at.o
 .text.__resp_rcv
                0x08006480       0xac appbuild/at.o
 .text.__cmd_create
                0x0800652c       0x84 appbuild/at.o
 .text.__cmd_clear
                0x080065b0       0x60 appbuild/at.o
 .text.__cmd_match
                0x08006610       0x9c appbuild/at.o
 .text.__oob_match
                0x080066ac       0x80 appbuild/at.o
 .text.__rcv_task_entry
                0x0800672c      0x100 appbuild/at.o
 .text.at_command
                0x0800682c       0x90 appbuild/at.o
                0x0800682c                at_command
 .text.at_oobregister
                0x080068bc       0x94 appbuild/at.o
                0x080068bc                at_oobregister
 .text.at_init  0x08006950      0x12c appbuild/at.o
                0x08006950                at_init
 .text.cJSON_InitHooks
                0x08006a7c       0x88 appbuild/cJSON.o
                0x08006a7c                cJSON_InitHooks
 .text.inet_ntoa
                0x08006b04       0x50 appbuild/sal_netdb.o
                0x08006b04                inet_ntoa
 .text.tcpipstack_init
                0x08006b54       0x98 appbuild/sal.o
                0x08006b54                tcpipstack_init
 .text.tcpip_sal_install
                0x08006bec       0x34 appbuild/sal.o
                0x08006bec                tcpip_sal_install
 .text.__sal_sockcb_malloc
                0x08006c20       0xa8 appbuild/sal.o
 .text.__sal_sockcb_free
                0x08006cc8       0x6c appbuild/sal.o
 .text.__sal_sockcb_getcb
                0x08006d34       0x3c appbuild/sal.o
 .text.__sal_sockcb_getfd
                0x08006d70       0x28 appbuild/sal.o
 .text.sal_socket
                0x08006d98       0x84 appbuild/sal.o
                0x08006d98                sal_socket
 .text.sal_bind
                0x08006e1c       0x4e appbuild/sal.o
                0x08006e1c                sal_bind
 .text.sal_connect
                0x08006e6a       0x4e appbuild/sal.o
                0x08006e6a                sal_connect
 .text.sal_setsockopt
                0x08006eb8       0x56 appbuild/sal.o
                0x08006eb8                sal_setsockopt
 .text.sal_recv
                0x08006f0e       0x52 appbuild/sal.o
                0x08006f0e                sal_recv
 .text.sal_send
                0x08006f60       0x52 appbuild/sal.o
                0x08006f60                sal_send
 .text.sal_closesocket
                0x08006fb2       0x52 appbuild/sal.o
                0x08006fb2                sal_closesocket
 .text.sal_gethostbyname
                0x08007004       0x44 appbuild/sal.o
                0x08007004                sal_gethostbyname
 .text.esp8266_atcmd
                0x08007048       0x40 appbuild/esp8266_socket_imp.o
 .text.esp8266_atcmd_response
                0x08007088       0x44 appbuild/esp8266_socket_imp.o
 .text.esp8266_rcvdeal
                0x080070cc      0x100 appbuild/esp8266_socket_imp.o
 .text.esp8266_socket
                0x080071cc       0x38 appbuild/esp8266_socket_imp.o
 .text.__esp8266_bind
                0x08007204       0x1a appbuild/esp8266_socket_imp.o
 .text.esp8266_listen
                0x0800721e       0x18 appbuild/esp8266_socket_imp.o
 .text.__esp8266_accept
                0x08007236       0x1a appbuild/esp8266_socket_imp.o
 .text.__esp8266_connect
                0x08007250       0xcc appbuild/esp8266_socket_imp.o
 .text.esp8266_send
                0x0800731c       0xc0 appbuild/esp8266_socket_imp.o
 .text.__esp8266_sendto
                0x080073dc       0x3c appbuild/esp8266_socket_imp.o
 .text.esp8266_recv
                0x08007418       0xa8 appbuild/esp8266_socket_imp.o
 .text.__esp8266_recvfrom
                0x080074c0       0x24 appbuild/esp8266_socket_imp.o
 .text.__esp8266_setsockopt
                0x080074e4       0x50 appbuild/esp8266_socket_imp.o
 .text.esp8266_getsockopt
                0x08007534       0x1c appbuild/esp8266_socket_imp.o
 .text.esp8266_close
                0x08007550       0x60 appbuild/esp8266_socket_imp.o
 .text.esp8266_shutdown
                0x080075b0       0x1a appbuild/esp8266_socket_imp.o
 .text.esp8266_getsockname
                0x080075ca       0x1a appbuild/esp8266_socket_imp.o
 .text.esp8266_getpeername
                0x080075e4       0x1a appbuild/esp8266_socket_imp.o
 *fill*         0x080075fe        0x2 
 .text.esp8266_gethostbyname
                0x08007600      0x19c appbuild/esp8266_socket_imp.o
 .text.tcpipstack_install_esp8266_socket
                0x0800779c       0x40 appbuild/esp8266_socket_imp.o
                0x0800779c                tcpipstack_install_esp8266_socket
 .text.esp8266_reset
                0x080077dc       0x1c appbuild/esp8266_socket_imp.o
 .text.esp8266_echo_off
                0x080077f8       0x1c appbuild/esp8266_socket_imp.o
 .text.esp8266_show_dinfo
                0x08007814       0x44 appbuild/esp8266_socket_imp.o
 .text.esp8266_set_mode
                0x08007858       0x44 appbuild/esp8266_socket_imp.o
 .text.esp8266_joinap
                0x0800789c       0x48 appbuild/esp8266_socket_imp.o
 .text.esp8266_set_mux
                0x080078e4       0x44 appbuild/esp8266_socket_imp.o
 .text.esp8266_boot
                0x08007928       0x80 appbuild/esp8266_socket_imp.o
                0x08007928                esp8266_boot
 .text.coap_log_2
                0x080079a8       0x3c appbuild/er-coap-13.o
 .text.coap_parse_int_option
                0x080079e4       0x44 appbuild/er-coap-13.o
 .text.coap_option_nibble
                0x08007a28       0x2e appbuild/er-coap-13.o
 .text.coap_set_option_header
                0x08007a56       0xba appbuild/er-coap-13.o
 .text.coap_serialize_int_option
                0x08007b10       0xd4 appbuild/er-coap-13.o
 .text.coap_serialize_array_option
                0x08007be4       0xe4 appbuild/er-coap-13.o
 .text.coap_serialize_multi_option
                0x08007cc8       0x72 appbuild/er-coap-13.o
 .text.coap_merge_multi_option
                0x08007d3a       0x64 appbuild/er-coap-13.o
 .text.coap_add_multi_option
                0x08007d9e       0xa0 appbuild/er-coap-13.o
                0x08007d9e                coap_add_multi_option
 .text.free_multi_option
                0x08007e3e       0x40 appbuild/er-coap-13.o
                0x08007e3e                free_multi_option
 .text.coap_get_multi_option_as_string
                0x08007e7e       0x98 appbuild/er-coap-13.o
                0x08007e7e                coap_get_multi_option_as_string
 .text.coap_init_message
                0x08007f16       0x42 appbuild/er-coap-13.o
                0x08007f16                coap_init_message
 .text.coap_free_header
                0x08007f58       0x48 appbuild/er-coap-13.o
                0x08007f58                coap_free_header
 .text.coap_serialize_get_size
                0x08007fa0      0x1f8 appbuild/er-coap-13.o
                0x08007fa0                coap_serialize_get_size
 .text.coap_serialize_message
                0x08008198      0x488 appbuild/er-coap-13.o
                0x08008198                coap_serialize_message
 .text.coap_parse_message
                0x08008620      0x504 appbuild/er-coap-13.o
                0x08008620                coap_parse_message
 .text.coap_set_status_code
                0x08008b24       0x2a appbuild/er-coap-13.o
                0x08008b24                coap_set_status_code
 .text.coap_set_header_content_type
                0x08008b4e       0x32 appbuild/er-coap-13.o
                0x08008b4e                coap_set_header_content_type
 .text.coap_get_header_token
                0x08008b80       0x3a appbuild/er-coap-13.o
                0x08008b80                coap_get_header_token
 .text.coap_set_header_token
                0x08008bba       0x54 appbuild/er-coap-13.o
                0x08008bba                coap_set_header_token
 .text.coap_set_header_uri_path
                0x08008c0e       0xa6 appbuild/er-coap-13.o
                0x08008c0e                coap_set_header_uri_path
 .text.coap_set_header_uri_path_segment
                0x08008cb4       0x64 appbuild/er-coap-13.o
                0x08008cb4                coap_set_header_uri_path_segment
 .text.coap_set_header_uri_query
                0x08008d18       0xaa appbuild/er-coap-13.o
                0x08008d18                coap_set_header_uri_query
 .text.coap_set_header_location_path
                0x08008dc2       0xa6 appbuild/er-coap-13.o
                0x08008dc2                coap_set_header_location_path
 .text.coap_get_header_observe
                0x08008e68       0x34 appbuild/er-coap-13.o
                0x08008e68                coap_get_header_observe
 .text.coap_set_header_observe
                0x08008e9c       0x34 appbuild/er-coap-13.o
                0x08008e9c                coap_set_header_observe
 .text.coap_get_header_block2
                0x08008ed0       0x6a appbuild/er-coap-13.o
                0x08008ed0                coap_get_header_block2
 .text.coap_set_header_block2
                0x08008f3a       0x7a appbuild/er-coap-13.o
                0x08008f3a                coap_set_header_block2
 .text.coap_get_header_block1
                0x08008fb4       0x6c appbuild/er-coap-13.o
                0x08008fb4                coap_get_header_block1
 .text.coap_set_header_block1
                0x08009020       0x6e appbuild/er-coap-13.o
                0x08009020                coap_set_header_block1
 .text.coap_set_payload
                0x0800908e       0x34 appbuild/er-coap-13.o
                0x0800908e                coap_set_payload
 .text.dm_isUriOpaqueHandle
                0x080090c2       0x22 appbuild/data.o
 .text.prv_textSerialize
                0x080090e4      0x228 appbuild/data.o
 .text.prv_setBuffer
                0x0800930c       0x42 appbuild/data.o
 *fill*         0x0800934e        0x2 
 .text.lwm2m_data_new
                0x08009350       0x5c appbuild/data.o
                0x08009350                lwm2m_data_new
 .text.lwm2m_data_free
                0x080093ac       0xc4 appbuild/data.o
                0x080093ac                lwm2m_data_free
 .text.lwm2m_data_encode_string
                0x08009470       0x90 appbuild/data.o
                0x08009470                lwm2m_data_encode_string
 .text.lwm2m_data_encode_opaque
                0x08009500       0x70 appbuild/data.o
                0x08009500                lwm2m_data_encode_opaque
 .text.lwm2m_data_encode_int
                0x08009570       0x4c appbuild/data.o
                0x08009570                lwm2m_data_encode_int
 .text.lwm2m_data_decode_int
                0x080095bc      0x150 appbuild/data.o
                0x080095bc                lwm2m_data_decode_int
 .text.lwm2m_data_encode_float
                0x0800970c       0x4c appbuild/data.o
                0x0800970c                lwm2m_data_encode_float
 .text.lwm2m_data_decode_float
                0x08009758      0x118 appbuild/data.o
                0x08009758                lwm2m_data_decode_float
 .text.lwm2m_data_encode_bool
                0x08009870       0x54 appbuild/data.o
                0x08009870                lwm2m_data_encode_bool
 .text.lwm2m_data_decode_bool
                0x080098c4      0x108 appbuild/data.o
                0x080098c4                lwm2m_data_decode_bool
 .text.lwm2m_data_include
                0x080099cc       0x74 appbuild/data.o
                0x080099cc                lwm2m_data_include
 .text.lwm2m_data_encode_instances
                0x08009a40       0x48 appbuild/data.o
                0x08009a40                lwm2m_data_encode_instances
 .text.lwm2m_data_parse
                0x08009a88      0x1e8 appbuild/data.o
                0x08009a88                lwm2m_data_parse
 .text.lwm2m_data_serialize
                0x08009c70      0x2b4 appbuild/data.o
                0x08009c70                lwm2m_data_serialize
 .text.prv_checkFinished
                0x08009f24      0x150 appbuild/transaction.o
 .text.transaction_new
                0x0800a074      0x368 appbuild/transaction.o
                0x0800a074                transaction_new
 .text.transaction_free
                0x0800a3dc       0x64 appbuild/transaction.o
                0x0800a3dc                transaction_free
 .text.transaction_remove
                0x0800a440       0x4c appbuild/transaction.o
                0x0800a440                transaction_remove
 .text.transaction_handleResponse
                0x0800a48c      0x228 appbuild/transaction.o
                0x0800a48c                transaction_handleResponse
 .text.transaction_send
                0x0800a6b4      0x2d8 appbuild/transaction.o
                0x0800a6b4                transaction_send
 .text.transaction_step
                0x0800a98c       0xd8 appbuild/transaction.o
                0x0800a98c                transaction_step
 .text.utils_textToInt
                0x0800aa64      0x120 appbuild/lwm2m_utils.o
                0x0800aa64                utils_textToInt
 *fill*         0x0800ab84        0x4 
 .text.utils_textToFloat
                0x0800ab88      0x1c0 appbuild/lwm2m_utils.o
                0x0800ab88                utils_textToFloat
 .text.utils_intToText
                0x0800ad48       0xe6 appbuild/lwm2m_utils.o
                0x0800ad48                utils_intToText
 *fill*         0x0800ae2e        0x2 
 .text.utils_floatToText
                0x0800ae30      0x214 appbuild/lwm2m_utils.o
                0x0800ae30                utils_floatToText
 .text.utils_stringToBinding
                0x0800b044       0x9c appbuild/lwm2m_utils.o
                0x0800b044                utils_stringToBinding
 .text.utils_convertMediaType
                0x0800b0e0       0x76 appbuild/lwm2m_utils.o
                0x0800b0e0                utils_convertMediaType
 .text.utils_findServer
                0x0800b156       0x44 appbuild/lwm2m_utils.o
                0x0800b156                utils_findServer
 .text.utils_isAltPathValid
                0x0800b19a       0xdc appbuild/lwm2m_utils.o
                0x0800b19a                utils_isAltPathValid
 .text.utils_stringCopy
                0x0800b276       0x62 appbuild/lwm2m_utils.o
                0x0800b276                utils_stringCopy
 .text.utils_copyValue
                0x0800b2d8       0x42 appbuild/lwm2m_utils.o
                0x0800b2d8                utils_copyValue
 *fill*         0x0800b31a        0x2 
 .text.prv_encodeBlock
                0x0800b31c       0x84 appbuild/lwm2m_utils.o
 .text.utils_base64GetSize
                0x0800b3a0       0x44 appbuild/lwm2m_utils.o
                0x0800b3a0                utils_base64GetSize
 .text.utils_base64Encode
                0x0800b3e4      0x13c appbuild/lwm2m_utils.o
                0x0800b3e4                utils_base64Encode
 .text.coap_block1_handler
                0x0800b520      0x140 appbuild/block1.o
                0x0800b520                coap_block1_handler
 .text.free_block1_buffer
                0x0800b660       0x2c appbuild/block1.o
                0x0800b660                free_block1_buffer
 .text.prv_parseNumber
                0x0800b68c       0xac appbuild/uri.o
 .text.uri_getNumber
                0x0800b738       0x26 appbuild/uri.o
                0x0800b738                uri_getNumber
 *fill*         0x0800b75e        0x2 
 .text.uri_decode
                0x0800b760      0x328 appbuild/uri.o
                0x0800b760                uri_decode
 .text.lwm2m_stringToUri
                0x0800ba88      0x32c appbuild/uri.o
                0x0800ba88                lwm2m_stringToUri
 .text.uri_toString
                0x0800bdb4      0x224 appbuild/uri.o
                0x0800bdb4                uri_toString
 .text.lwm2m_init
                0x0800bfd8       0x58 appbuild/liblwm2m.o
                0x0800bfd8                lwm2m_init
 .text.lwm2m_register_event_handler
                0x0800c030       0x20 appbuild/liblwm2m.o
                0x0800c030                lwm2m_register_event_handler
 .text.lwm2m_notify_even
                0x0800c050       0x34 appbuild/liblwm2m.o
                0x0800c050                lwm2m_notify_even
 .text.lwm2m_deregister
                0x0800c084       0x48 appbuild/liblwm2m.o
                0x0800c084                lwm2m_deregister
 .text.prv_deleteServer
                0x0800c0cc       0x48 appbuild/liblwm2m.o
 .text.prv_deleteServerList
                0x0800c114       0x34 appbuild/liblwm2m.o
 .text.prv_deleteObservedList
                0x0800c148       0x82 appbuild/liblwm2m.o
 .text.prv_deleteTransactionList
                0x0800c1ca       0x42 appbuild/liblwm2m.o
                0x0800c1ca                prv_deleteTransactionList
 .text.lwm2m_close
                0x0800c20c       0x78 appbuild/liblwm2m.o
                0x0800c20c                lwm2m_close
 .text.prv_isBoostrpEnable
                0x0800c284       0x16 appbuild/liblwm2m.o
 .text.lwm2m_isBsCtrlInServerInitiatedBs
                0x0800c29a       0x32 appbuild/liblwm2m.o
                0x0800c29a                lwm2m_isBsCtrlInServerInitiatedBs
 .text.lwm2m_initBsCtrlStat
                0x0800c2cc       0x32 appbuild/liblwm2m.o
                0x0800c2cc                lwm2m_initBsCtrlStat
 .text.lwm2m_setBsCtrlStatWithoutCheck
                0x0800c2fe       0x7c appbuild/liblwm2m.o
 *fill*         0x0800c37a        0x2 
 .text.lwm2m_setBsCtrlStat
                0x0800c37c      0x114 appbuild/liblwm2m.o
                0x0800c37c                lwm2m_setBsCtrlStat
 .text.lwm2m_delayBsRetry
                0x0800c490       0x62 appbuild/liblwm2m.o
 .text.lwm2m_getBsCtrlStat
                0x0800c4f2       0x1a appbuild/liblwm2m.o
                0x0800c4f2                lwm2m_getBsCtrlStat
 .text.prv_refreshServerList
                0x0800c50c       0xca appbuild/liblwm2m.o
 .text.lwm2m_configure
                0x0800c5d6      0x182 appbuild/liblwm2m.o
                0x0800c5d6                lwm2m_configure
 .text.lwm2m_reset_register
                0x0800c758       0x4c appbuild/liblwm2m.o
 .text.lwm2m_reconnect
                0x0800c7a4       0x70 appbuild/liblwm2m.o
                0x0800c7a4                lwm2m_reconnect
 .text.lwm2m_initBootStrap
                0x0800c814       0x58 appbuild/liblwm2m.o
                0x0800c814                lwm2m_initBootStrap
 .text.lwm2m_step
                0x0800c86c      0x320 appbuild/liblwm2m.o
                0x0800c86c                lwm2m_step
 .text.prv_findAttributes
                0x0800cb8c       0x6e appbuild/discover.o
 *fill*         0x0800cbfa        0x2 
 .text.prv_serializeAttributes
                0x0800cbfc      0x46c appbuild/discover.o
 .text.prv_serializeLinkData
                0x0800d068      0x3fc appbuild/discover.o
 .text.discover_serialize
                0x0800d464      0x650 appbuild/discover.o
                0x0800d464                discover_serialize
 .text.lwm2m_list_add
                0x0800dab4       0x68 appbuild/list.o
                0x0800dab4                lwm2m_list_add
 .text.lwm2m_list_find
                0x0800db1c       0x46 appbuild/list.o
                0x0800db1c                lwm2m_list_find
 .text.lwm2m_list_remove
                0x0800db62       0xa8 appbuild/list.o
                0x0800db62                lwm2m_list_remove
 .text.lwm2m_list_newId
                0x0800dc0a       0x3e appbuild/list.o
                0x0800dc0a                lwm2m_list_newId
 .text.lwm2m_list_free
                0x0800dc48       0x28 appbuild/list.o
                0x0800dc48                lwm2m_list_free
 .text.prv_getRegistrationQueryLength
                0x0800dc70       0xe0 appbuild/registration.o
 .text.prv_getRegistrationQuery
                0x0800dd50      0x224 appbuild/registration.o
 .text.prv_handleRegistrationReply
                0x0800df74       0xd0 appbuild/registration.o
 .text.prv_register
                0x0800e044      0x1ac appbuild/registration.o
 .text.prv_handleRegistrationUpdateReply
                0x0800e1f0       0x98 appbuild/registration.o
 .text.prv_updateRegistration
                0x0800e288      0x10c appbuild/registration.o
 .text.lwm2m_update_registration
                0x0800e394      0x19c appbuild/registration.o
                0x0800e394                lwm2m_update_registration
 .text.registration_start
                0x0800e530       0xd8 appbuild/registration.o
                0x0800e530                registration_start
 .text.registration_getStatus
                0x0800e608      0x2d4 appbuild/registration.o
                0x0800e608                registration_getStatus
 .text.prv_handleDeregistrationReply
                0x0800e8dc       0x34 appbuild/registration.o
 .text.registration_deregister
                0x0800e910      0x254 appbuild/registration.o
                0x0800e910                registration_deregister
 .text.registration_reset
                0x0800eb64       0x38 appbuild/registration.o
                0x0800eb64                registration_reset
 .text.registration_step
                0x0800eb9c      0x30c appbuild/registration.o
                0x0800eb9c                registration_step
 .text.dm_isUriOpaqueHandle
                0x0800eea8       0x22 appbuild/observe.o
 *fill*         0x0800eeca        0x2 
 .text.lwm2m_register_observe_ack_call_back
                0x0800eecc       0x20 appbuild/observe.o
                0x0800eecc                lwm2m_register_observe_ack_call_back
 .text.prv_findObserved
                0x0800eeec       0x74 appbuild/observe.o
 .text.prv_unlinkObserved
                0x0800ef60       0x5e appbuild/observe.o
 .text.prv_findWatcher
                0x0800efbe       0x36 appbuild/observe.o
 .text.prv_getWatcher
                0x0800eff4       0xe0 appbuild/observe.o
 .text.observe_handleRequest
                0x0800f0d4      0x318 appbuild/observe.o
                0x0800f0d4                observe_handleRequest
 .text.observe_cancel
                0x0800f3ec      0x138 appbuild/observe.o
                0x0800f3ec                observe_cancel
 .text.observe_clear
                0x0800f524      0x118 appbuild/observe.o
                0x0800f524                observe_clear
 .text.observe_setParameters
                0x0800f63c      0x378 appbuild/observe.o
                0x0800f63c                observe_setParameters
 .text.observe_findByUri
                0x0800f9b4      0x1c8 appbuild/observe.o
                0x0800f9b4                observe_findByUri
 .text.lwm2m_resource_value_changed
                0x0800fb7c      0x19c appbuild/observe.o
                0x0800fb7c                lwm2m_resource_value_changed
 .text.observe_send_transaction
                0x0800fd18      0x104 appbuild/observe.o
                0x0800fd18                observe_send_transaction
 .text.observe_app_step
                0x0800fe1c      0x254 appbuild/observe.o
                0x0800fe1c                observe_app_step
 .text.observe_step
                0x08010070      0xba8 appbuild/observe.o
                0x08010070                observe_step
 .text.object_checkReadable
                0x08010c18      0x12c appbuild/objects.o
                0x08010c18                object_checkReadable
 .text.object_checkNumeric
                0x08010d44      0x11c appbuild/objects.o
                0x08010d44                object_checkNumeric
 .text.prv_init_forbidden
                0x08010e60       0xb8 appbuild/objects.o
 .text.object_readData
                0x08010f18      0x294 appbuild/objects.o
                0x08010f18                object_readData
 .text.object_read
                0x080111ac      0x118 appbuild/objects.o
                0x080111ac                object_read
 .text.object_write
                0x080112c4      0x130 appbuild/objects.o
                0x080112c4                object_write
 .text.object_execute
                0x080113f4       0xe0 appbuild/objects.o
                0x080113f4                object_execute
 .text.object_create
                0x080114d4      0x1d0 appbuild/objects.o
                0x080114d4                object_create
 .text.object_delete
                0x080116a4      0x180 appbuild/objects.o
                0x080116a4                object_delete
 .text.object_discover
                0x08011824      0x244 appbuild/objects.o
                0x08011824                object_discover
 .text.prv_getObjectTemplate
                0x08011a68       0x86 appbuild/objects.o
 *fill*         0x08011aee        0x2 
 .text.object_getRegisterPayloadBufferLength
                0x08011af0      0x128 appbuild/objects.o
                0x08011af0                object_getRegisterPayloadBufferLength
 .text.object_getRegisterPayload
                0x08011c18      0x22c appbuild/objects.o
                0x08011c18                object_getRegisterPayload
 .text.prv_findServerInstance
                0x08011e44       0xb8 appbuild/objects.o
 .text.prv_getMandatoryInfo
                0x08011efc       0xee appbuild/objects.o
 *fill*         0x08011fea        0x2 
 .text.object_getServers
                0x08011fec      0x388 appbuild/objects.o
                0x08011fec                object_getServers
 .text.prv_encodeFloat
                0x08012374       0x80 appbuild/tlv.o
 .text.prv_encodeInt
                0x080123f4       0xe8 appbuild/tlv.o
 .text.prv_getHeaderType
                0x080124dc       0x5c appbuild/tlv.o
 .text.prv_getDataType
                0x08012538       0x46 appbuild/tlv.o
 .text.prv_getHeaderLength
                0x0801257e       0x54 appbuild/tlv.o
 .text.prv_createHeader
                0x080125d2      0x158 appbuild/tlv.o
 *fill*         0x0801272a        0x2 
 .text.lwm2m_decode_TLV
                0x0801272c      0x204 appbuild/tlv.o
                0x0801272c                lwm2m_decode_TLV
 .text.tlv_parse
                0x08012930      0x164 appbuild/tlv.o
                0x08012930                tlv_parse
 .text.prv_getLength
                0x08012a94      0x1dc appbuild/tlv.o
 .text.tlv_serialize
                0x08012c70      0x400 appbuild/tlv.o
                0x08012c70                tlv_serialize
 .text.dm_isUriOpaqueHandle
                0x08013070       0x22 appbuild/management.o
 *fill*         0x08013092        0x2 
 .text.prv_readAttributes
                0x08013094      0x460 appbuild/management.o
 .text.dm_handleRequest
                0x080134f4      0x70c appbuild/management.o
                0x080134f4                dm_handleRequest
 .text.handle_reset
                0x08013c00       0x40 appbuild/packet.o
 .text.handle_request
                0x08013c40       0xb0 appbuild/packet.o
 .text.lwm2m_handle_packet
                0x08013cf0      0x600 appbuild/packet.o
                0x08013cf0                lwm2m_handle_packet
 .text.message_send
                0x080142f0       0xd4 appbuild/packet.o
                0x080142f0                message_send
 .text.output_buffer
                0x080143c4       0x1a appbuild/commandline.o
                0x080143c4                output_buffer
 *fill*         0x080143de        0x2 
 .text.oc_lwm2m_register
                0x080143e0       0x3c appbuild/oc_lwm2m_al.o
                0x080143e0                oc_lwm2m_register
 .text.oc_lwm2m_report
                0x0801441c       0x4e appbuild/oc_lwm2m_al.o
                0x0801441c                oc_lwm2m_report
 *fill*         0x0801446a        0x2 
 .text.oc_lwm2m_config
                0x0801446c       0x84 appbuild/oc_lwm2m_al.o
                0x0801446c                oc_lwm2m_config
 .text.oc_lwm2m_init
                0x080144f0       0x1e appbuild/oc_lwm2m_al.o
                0x080144f0                oc_lwm2m_init
 .text.lwm2m_malloc
                0x0801450e       0x18 appbuild/platform_adapter.o
                0x0801450e                lwm2m_malloc
 .text.lwm2m_free
                0x08014526       0x16 appbuild/platform_adapter.o
                0x08014526                lwm2m_free
 .text.lwm2m_strdup
                0x0801453c       0x18 appbuild/platform_adapter.o
                0x0801453c                lwm2m_strdup
 .text.lwm2m_strncmp
                0x08014554       0x20 appbuild/platform_adapter.o
                0x08014554                lwm2m_strncmp
 .text.lwm2m_gettime
                0x08014574       0x1c appbuild/platform_adapter.o
                0x08014574                lwm2m_gettime
 .text.lwm2m_rand
                0x08014590       0x1e appbuild/platform_adapter.o
                0x08014590                lwm2m_rand
 .text.lwm2m_delay
                0x080145ae       0x20 appbuild/platform_adapter.o
                0x080145ae                lwm2m_delay
 *fill*         0x080145ce        0x2 
 .text.prv_set_value
                0x080145d0      0x260 appbuild/object_connectivity_moni.o
 .text.prv_read
                0x08014830       0xd0 appbuild/object_connectivity_moni.o
 .text.get_object_conn_m
                0x08014900      0x140 appbuild/object_connectivity_moni.o
                0x08014900                get_object_conn_m
 .text.free_object_conn_m
                0x08014a40       0x2a appbuild/object_connectivity_moni.o
                0x08014a40                free_object_conn_m
 .text.get_object_firmware
                0x08014a6a       0x16 appbuild/object_firmware.o
                0x08014a6a                get_object_firmware
 .text.free_object_firmware
                0x08014a80       0x14 appbuild/object_firmware.o
                0x08014a80                free_object_firmware
 .text.lwm2m_agent_receive
                0x08014a94       0x48 appbuild/agent_lwm2m.o
                0x08014a94                lwm2m_agent_receive
 .text.__agent_task_entry
                0x08014adc       0x2a appbuild/agent_lwm2m.o
 *fill*         0x08014b06        0x2 
 .text.__agent_config
                0x08014b08      0x188 appbuild/agent_lwm2m.o
 .text.__agent_deconfig
                0x08014c90       0x4c appbuild/agent_lwm2m.o
 .text.ack_callback
                0x08014cdc       0x28 appbuild/agent_lwm2m.o
                0x08014cdc                ack_callback
 .text.__agent_report
                0x08014d04       0x54 appbuild/agent_lwm2m.o
 .text.oc_lwm2m_install_agent
                0x08014d58       0x28 appbuild/agent_lwm2m.o
                0x08014d58                oc_lwm2m_install_agent
 .text.prv_set_tlv
                0x08014d80      0x10c appbuild/object_access_control.o
 .text.prv_read
                0x08014e8c      0x128 appbuild/object_access_control.o
 .text.prv_add_ac_val
                0x08014fb4       0x5c appbuild/object_access_control.o
 .text.prv_write_resources
                0x08015010      0x2d0 appbuild/object_access_control.o
 .text.prv_write
                0x080152e0       0x2a appbuild/object_access_control.o
 .text.prv_delete
                0x0801530a       0x48 appbuild/object_access_control.o
 .text.prv_create
                0x08015352       0x78 appbuild/object_access_control.o
 *fill*         0x080153ca        0x2 
 .text.acc_ctrl_create_object
                0x080153cc       0x5c appbuild/object_access_control.o
                0x080153cc                acc_ctrl_create_object
 .text.acl_ctrl_free_object
                0x08015428       0x3e appbuild/object_access_control.o
                0x08015428                acl_ctrl_free_object
 .text.prv_get_acc_instance
                0x08015466       0x48 appbuild/object_access_control.o
 .text.prv_get_acl_instance
                0x080154ae       0x32 appbuild/object_access_control.o
 .text.prv_auth_match
                0x080154e0       0x32 appbuild/object_access_control.o
 .text.prv_check_instance_auth
                0x08015512       0x74 appbuild/object_access_control.o
 .text.prv_acc_self_auth_check
                0x08015586       0x72 appbuild/object_access_control.o
 .text.prv_pre_auth_check
                0x080155f8       0xa4 appbuild/object_access_control.o
 .text.prv_post_action_check
                0x0801569c       0x6a appbuild/object_access_control.o
 .text.prv_get_srv_cnt
                0x08015706       0x42 appbuild/object_access_control.o
 .text.acc_auth_operate
                0x08015748       0x98 appbuild/object_access_control.o
                0x08015748                acc_auth_operate
 .text.atiny_list_init
                0x080157e0       0x20 appbuild/atiny_rpt.o
 .text.atiny_list_add
                0x08015800       0x32 appbuild/atiny_rpt.o
 .text.atiny_list_insert_tail
                0x08015832       0x1e appbuild/atiny_rpt.o
 .text.atiny_list_delete
                0x08015850       0x34 appbuild/atiny_rpt.o
 .text.atiny_list_empty
                0x08015884       0x24 appbuild/atiny_rpt.o
 .text.atiny_is_uri_equal
                0x080158a8       0x78 appbuild/atiny_rpt.o
 .text.atiny_find_rpt_list
                0x08015920       0x50 appbuild/atiny_rpt.o
 .text.atiny_free_list
                0x08015970       0x4e appbuild/atiny_rpt.o
 .text.atiny_visit_list
                0x080159be       0x3c appbuild/atiny_rpt.o
 .text.atiny_clear_rpt_list_node_data
                0x080159fa       0x48 appbuild/atiny_rpt.o
 *fill*         0x08015a42        0x2 
 .text.atiny_clear_rpt_list
                0x08015a44       0x28 appbuild/atiny_rpt.o
 .text.atiny_notify_stack_rpt_data_change
                0x08015a6c       0x8c appbuild/atiny_rpt.o
 .text.atiny_init_rpt
                0x08015af8       0x60 appbuild/atiny_rpt.o
                0x08015af8                atiny_init_rpt
 .text.atiny_add_rpt_uri
                0x08015b58      0x1b4 appbuild/atiny_rpt.o
                0x08015b58                atiny_add_rpt_uri
 .text.atiny_rm_rpt_uri
                0x08015d0c       0xf8 appbuild/atiny_rpt.o
                0x08015d0c                atiny_rm_rpt_uri
 .text.atiny_dequeue_rpt_data
                0x08015e04       0xf0 appbuild/atiny_rpt.o
                0x08015e04                atiny_dequeue_rpt_data
 .text.atiny_queue_rpt_data
                0x08015ef4      0x1e8 appbuild/atiny_rpt.o
                0x08015ef4                atiny_queue_rpt_data
 .text.atiny_clear_rpt_data
                0x080160dc       0xf4 appbuild/atiny_rpt.o
                0x080160dc                atiny_clear_rpt_data
 .text.atiny_step_rpt
                0x080161d0       0x3c appbuild/atiny_rpt.o
                0x080161d0                atiny_step_rpt
 .text.atiny_destroy_rpt
                0x0801620c       0x30 appbuild/atiny_rpt.o
                0x0801620c                atiny_destroy_rpt
 .text.atiny_set_max_rpt_cnt
                0x0801623c       0xa4 appbuild/atiny_rpt.o
                0x0801623c                atiny_set_max_rpt_cnt
 .text.dm_isUriOpaqueHandle
                0x080162e0       0x22 appbuild/agenttiny.o
 .text.get_resource_uri
                0x08016302       0x40 appbuild/agenttiny.o
 *fill*         0x08016342        0x2 
 .text.atiny_check_bootstrap_init_param
                0x08016344       0xb8 appbuild/agenttiny.o
 .text.atiny_init
                0x080163fc      0x140 appbuild/agenttiny.o
                0x080163fc                atiny_init
 .text.atiny_set_bootstrap_sequence_state
                0x0801653c       0x1e appbuild/agenttiny.o
                0x0801653c                atiny_set_bootstrap_sequence_state
 *fill*         0x0801655a        0x2 
 .text.atiny_init_objects
                0x0801655c      0x360 appbuild/agenttiny.o
                0x0801655c                atiny_init_objects
 .text.lwm2m_poll
                0x080168bc       0xac appbuild/agenttiny.o
 .text.atiny_destroy
                0x08016968       0xfa appbuild/agenttiny.o
                0x08016968                atiny_destroy
 .text.atiny_event_handle
                0x08016a62       0xb6 appbuild/agenttiny.o
                0x08016a62                atiny_event_handle
 .text.reboot_check
                0x08016b18       0x20 appbuild/agenttiny.o
                0x08016b18                reboot_check
 .text.atiny_connection_err_notify
                0x08016b38       0xb8 appbuild/agenttiny.o
 .text.atiny_handle_reconnect
                0x08016bf0       0x5c appbuild/agenttiny.o
 .text.atiny_bind
                0x08016c4c      0x1fc appbuild/agenttiny.o
                0x08016c4c                atiny_bind
 .text.atiny_deinit
                0x08016e48       0x42 appbuild/agenttiny.o
                0x08016e48                atiny_deinit
 *fill*         0x08016e8a        0x2 
 .text.atiny_data_report
                0x08016e8c      0x14c appbuild/agenttiny.o
                0x08016e8c                atiny_data_report
 .text.observe_handle_ack
                0x08016fd8       0x5c appbuild/agenttiny.o
                0x08016fd8                observe_handle_ack
 .text.atiny_reconnect
                0x08017034       0x5c appbuild/agenttiny.o
                0x08017034                atiny_reconnect
 .text.get_resource_uri
                0x08017090       0x40 appbuild/object_binary_app_data_container.o
 .text.prv_output_buffer
                0x080170d0      0x13c appbuild/object_binary_app_data_container.o
 .text.prv_read_data
                0x0801720c      0x188 appbuild/object_binary_app_data_container.o
 .text.prv_destroy_data_buf
                0x08017394       0x6e appbuild/object_binary_app_data_container.o
 *fill*         0x08017402        0x2 
 .text.prv_read
                0x08017404      0x110 appbuild/object_binary_app_data_container.o
 .text.prv_discover
                0x08017514       0x8c appbuild/object_binary_app_data_container.o
 .text.prv_write
                0x080175a0       0x72 appbuild/object_binary_app_data_container.o
 .text.prv_delete
                0x08017612       0x5a appbuild/object_binary_app_data_container.o
 .text.prv_create
                0x0801766c       0xe8 appbuild/object_binary_app_data_container.o
 .text.prv_exec
                0x08017754       0xb0 appbuild/object_binary_app_data_container.o
 .text.get_binary_app_data_object
                0x08017804      0x154 appbuild/object_binary_app_data_container.o
                0x08017804                get_binary_app_data_object
 .text.free_binary_app_data_object_rpt
                0x08017958       0x40 appbuild/object_binary_app_data_container.o
 .text.free_binary_app_data_object
                0x08017998       0x26 appbuild/object_binary_app_data_container.o
                0x08017998                free_binary_app_data_object
 .text.set_binary_app_data_object_rpt_max_cnt
                0x080179be       0x34 appbuild/object_binary_app_data_container.o
                0x080179be                set_binary_app_data_object_rpt_max_cnt
 *fill*         0x080179f2        0x2 
 .text.prv_get_value
                0x080179f4       0xe0 appbuild/object_server.o
 .text.prv_server_read
                0x08017ad4       0xd4 appbuild/object_server.o
 .text.prv_server_discover
                0x08017ba8       0xcc appbuild/object_server.o
 .text.prv_set_int_value
                0x08017c74       0x58 appbuild/object_server.o
 .text.prv_server_check_binding_valid
                0x08017ccc       0x98 appbuild/object_server.o
                0x08017ccc                prv_server_check_binding_valid
 .text.prv_server_write
                0x08017d64      0x24c appbuild/object_server.o
 .text.prv_server_execute
                0x08017fb0       0x66 appbuild/object_server.o
 .text.prv_server_delete
                0x08018016       0x3e appbuild/object_server.o
 .text.prv_server_create
                0x08018054       0x74 appbuild/object_server.o
 .text.get_server_object
                0x080180c8      0x114 appbuild/object_server.o
                0x080180c8                get_server_object
 .text.clean_server_object
                0x080181dc       0x3e appbuild/object_server.o
                0x080181dc                clean_server_object
 *fill*         0x0801821a        0x2 
 .text.prv_get_value
                0x0801821c      0x168 appbuild/object_security.o
 .text.prv_security_read
                0x08018384       0xdc appbuild/object_security.o
 .text.clean_security_object
                0x08018460       0x6c appbuild/object_security.o
                0x08018460                clean_security_object
 .text.get_security_object
                0x080184cc      0x37c appbuild/object_security.o
                0x080184cc                get_security_object
 .text.inc_connection_stat
                0x08018848       0x78 appbuild/connection.o
 .text.connection_parse_host_ip
                0x080188c0      0x150 appbuild/connection.o
                0x080188c0                connection_parse_host_ip
 .text.__socket_connect
                0x08018a10      0x108 appbuild/connection.o
 .text.__socket_free
                0x08018b18       0x26 appbuild/connection.o
 *fill*         0x08018b3e        0x2 
 .text.__socket_recv_timeout
                0x08018b40       0x9c appbuild/connection.o
 .text.__socket_send
                0x08018bdc       0x3a appbuild/connection.o
 *fill*         0x08018c16        0x2 
 .text.connection_create
                0x08018c18      0x1e8 appbuild/connection.o
                0x08018c18                connection_create
 .text.connection_free
                0x08018e00       0x24 appbuild/connection.o
                0x08018e00                connection_free
 .text.lwm2m_connect_server
                0x08018e24      0x108 appbuild/connection.o
                0x08018e24                lwm2m_connect_server
 .text.lwm2m_close_connection
                0x08018f2c       0x74 appbuild/connection.o
                0x08018f2c                lwm2m_close_connection
 .text.lwm2m_buffer_recv
                0x08018fa0       0x54 appbuild/connection.o
                0x08018fa0                lwm2m_buffer_recv
 .text.connection_is_valid
                0x08018ff4       0x4e appbuild/connection.o
 *fill*         0x08019042        0x2 
 .text.lwm2m_buffer_send
                0x08019044       0xd0 appbuild/connection.o
                0x08019044                lwm2m_buffer_send
 .text.lwm2m_session_is_equal
                0x08019114       0x26 appbuild/connection.o
                0x08019114                lwm2m_session_is_equal
 *fill*         0x0801913a        0x2 
 .text.lwm2m_register_connection_err_notify
                0x0801913c       0x20 appbuild/connection.o
                0x0801913c                lwm2m_register_connection_err_notify
 .text.atiny_get_manufacturer
                0x0801915c       0x24 appbuild/agent_tiny_cmd_ioctl.o
                0x0801915c                atiny_get_manufacturer
 .text.atiny_get_model_number
                0x08019180       0x24 appbuild/agent_tiny_cmd_ioctl.o
                0x08019180                atiny_get_model_number
 .text.atiny_get_serial_number
                0x080191a4       0x24 appbuild/agent_tiny_cmd_ioctl.o
                0x080191a4                atiny_get_serial_number
 .text.atiny_get_firmware_ver
                0x080191c8       0x24 appbuild/agent_tiny_cmd_ioctl.o
                0x080191c8                atiny_get_firmware_ver
 .text.atiny_do_dev_reboot
                0x080191ec       0x18 appbuild/agent_tiny_cmd_ioctl.o
                0x080191ec                atiny_do_dev_reboot
 .text.atiny_do_factory_reset
                0x08019204       0x14 appbuild/agent_tiny_cmd_ioctl.o
                0x08019204                atiny_do_factory_reset
 .text.atiny_get_power_source
                0x08019218       0x1c appbuild/agent_tiny_cmd_ioctl.o
                0x08019218                atiny_get_power_source
 .text.atiny_get_source_voltage
                0x08019234       0x1e appbuild/agent_tiny_cmd_ioctl.o
                0x08019234                atiny_get_source_voltage
 .text.atiny_get_power_current
                0x08019252       0x1c appbuild/agent_tiny_cmd_ioctl.o
                0x08019252                atiny_get_power_current
 .text.atiny_get_baterry_level
                0x0801926e       0x1c appbuild/agent_tiny_cmd_ioctl.o
                0x0801926e                atiny_get_baterry_level
 *fill*         0x0801928a        0x2 
 .text.atiny_get_memory_free
                0x0801928c       0x48 appbuild/agent_tiny_cmd_ioctl.o
                0x0801928c                atiny_get_memory_free
 .text.atiny_get_dev_err
                0x080192d4       0x24 appbuild/agent_tiny_cmd_ioctl.o
                0x080192d4                atiny_get_dev_err
 .text.atiny_do_reset_dev_err
                0x080192f8       0x1c appbuild/agent_tiny_cmd_ioctl.o
                0x080192f8                atiny_do_reset_dev_err
 .text.atiny_get_current_time
                0x08019314       0x50 appbuild/agent_tiny_cmd_ioctl.o
                0x08019314                atiny_get_current_time
 .text.atiny_set_current_time
                0x08019364       0x4c appbuild/agent_tiny_cmd_ioctl.o
                0x08019364                atiny_set_current_time
 .text.atiny_get_UTC_offset
                0x080193b0       0x34 appbuild/agent_tiny_cmd_ioctl.o
                0x080193b0                atiny_get_UTC_offset
 .text.atiny_set_UTC_offset
                0x080193e4       0x28 appbuild/agent_tiny_cmd_ioctl.o
                0x080193e4                atiny_set_UTC_offset
 .text.atiny_get_timezone
                0x0801940c       0x34 appbuild/agent_tiny_cmd_ioctl.o
                0x0801940c                atiny_get_timezone
 .text.atiny_set_timezone
                0x08019440       0x28 appbuild/agent_tiny_cmd_ioctl.o
                0x08019440                atiny_set_timezone
 .text.atiny_get_bind_mode
                0x08019468       0x30 appbuild/agent_tiny_cmd_ioctl.o
                0x08019468                atiny_get_bind_mode
 .text.atiny_get_firmware_state
                0x08019498       0x1c appbuild/agent_tiny_cmd_ioctl.o
                0x08019498                atiny_get_firmware_state
 .text.atiny_get_network_bearer
                0x080194b4       0x1c appbuild/agent_tiny_cmd_ioctl.o
                0x080194b4                atiny_get_network_bearer
 .text.atiny_get_signal_strength
                0x080194d0       0x1c appbuild/agent_tiny_cmd_ioctl.o
                0x080194d0                atiny_get_signal_strength
 .text.atiny_get_cell_id
                0x080194ec       0x1e appbuild/agent_tiny_cmd_ioctl.o
                0x080194ec                atiny_get_cell_id
 .text.atiny_get_link_quality
                0x0801950a       0x1c appbuild/agent_tiny_cmd_ioctl.o
                0x0801950a                atiny_get_link_quality
 .text.atiny_get_link_utilization
                0x08019526       0x1c appbuild/agent_tiny_cmd_ioctl.o
                0x08019526                atiny_get_link_utilization
 *fill*         0x08019542        0x2 
 .text.atiny_app_write
                0x08019544       0x28 appbuild/agent_tiny_cmd_ioctl.o
                0x08019544                atiny_app_write
 .text.atiny_app_execute
                0x0801956c       0x28 appbuild/agent_tiny_cmd_ioctl.o
                0x0801956c                atiny_app_execute
 .text.atiny_server_bootrigger
                0x08019594       0x28 appbuild/agent_tiny_cmd_ioctl.o
                0x08019594                atiny_server_bootrigger
 .text.atiny_update_psk
                0x080195bc       0x20 appbuild/agent_tiny_cmd_ioctl.o
                0x080195bc                atiny_update_psk
 .text.atiny_get_latitude
                0x080195dc       0x20 appbuild/agent_tiny_cmd_ioctl.o
                0x080195dc                atiny_get_latitude
 .text.atiny_get_longitude
                0x080195fc       0x20 appbuild/agent_tiny_cmd_ioctl.o
                0x080195fc                atiny_get_longitude
 .text.atiny_get_altitude
                0x0801961c       0x20 appbuild/agent_tiny_cmd_ioctl.o
                0x0801961c                atiny_get_altitude
 .text.atiny_get_radius
                0x0801963c       0x1e appbuild/agent_tiny_cmd_ioctl.o
                0x0801963c                atiny_get_radius
 .text.atiny_get_speed
                0x0801965a       0x1e appbuild/agent_tiny_cmd_ioctl.o
                0x0801965a                atiny_get_speed
 .text.atiny_get_timestamp
                0x08019678       0x50 appbuild/agent_tiny_cmd_ioctl.o
                0x08019678                atiny_get_timestamp
 .text.location_get_velocity
                0x080196c8       0x70 appbuild/agent_tiny_cmd_ioctl.o
                0x080196c8                location_get_velocity
 .text.atiny_get_velocity
                0x08019738       0x1e appbuild/agent_tiny_cmd_ioctl.o
                0x08019738                atiny_get_velocity
 *fill*         0x08019756        0x2 
 .text.atiny_cmd_ioctl
                0x08019758      0x24c appbuild/agent_tiny_cmd_ioctl.o
                0x08019758                atiny_cmd_ioctl
 .text.atiny_event_notify
                0x080199a4       0x24 appbuild/agent_tiny_cmd_ioctl.o
                0x080199a4                atiny_event_notify
 .text.prv_res2tlv
                0x080199c8      0x1bc appbuild/object_location.o
 .text.prv_location_read
                0x08019b84       0xd0 appbuild/object_location.o
 .text.get_object_location
                0x08019c54       0x68 appbuild/object_location.o
                0x08019c54                get_object_location
 .text.free_object_location
                0x08019cbc       0x2a appbuild/object_location.o
                0x08019cbc                free_object_location
 .text.prv_check_time_offset
                0x08019ce6       0xf8 appbuild/object_device.o
 *fill*         0x08019dde        0x2 
 .text.prv_set_value
                0x08019de0      0x3f0 appbuild/object_device.o
 .text.prv_device_read
                0x0801a1d0       0xc8 appbuild/object_device.o
 .text.prv_device_discover
                0x0801a298       0xd8 appbuild/object_device.o
 .text.prv_device_write
                0x0801a370      0x118 appbuild/object_device.o
 .text.prv_device_execute
                0x0801a488       0x80 appbuild/object_device.o
 .text.get_object_device
                0x0801a508       0x88 appbuild/object_device.o
                0x0801a508                get_object_device
 .text.free_object_device
                0x0801a590       0x46 appbuild/object_device.o
                0x0801a590                free_object_device
 *fill*         0x0801a5d6        0x2 
 .text.link_main
                0x0801a5d8       0x64 appbuild/link_main.o
                0x0801a5d8                link_main
 .text.gpio_init
                0x0801a63c      0x170 appbuild/gd32f30x_gpio.o
                0x0801a63c                gpio_init
 .text.gpio_bit_set
                0x0801a7ac       0x20 appbuild/gd32f30x_gpio.o
                0x0801a7ac                gpio_bit_set
 .text.gpio_bit_reset
                0x0801a7cc       0x20 appbuild/gd32f30x_gpio.o
                0x0801a7cc                gpio_bit_reset
 .text.i2c_clock_config
                0x0801a7ec      0x20c appbuild/gd32f30x_i2c.o
                0x0801a7ec                i2c_clock_config
 .text.i2c_mode_addr_config
                0x0801a9f8       0x50 appbuild/gd32f30x_i2c.o
                0x0801a9f8                i2c_mode_addr_config
 .text.i2c_ack_config
                0x0801aa48       0x36 appbuild/gd32f30x_i2c.o
                0x0801aa48                i2c_ack_config
 .text.i2c_master_addressing
                0x0801aa7e       0x3c appbuild/gd32f30x_i2c.o
                0x0801aa7e                i2c_master_addressing
 .text.i2c_enable
                0x0801aaba       0x20 appbuild/gd32f30x_i2c.o
                0x0801aaba                i2c_enable
 .text.i2c_start_on_bus
                0x0801aada       0x20 appbuild/gd32f30x_i2c.o
                0x0801aada                i2c_start_on_bus
 .text.i2c_stop_on_bus
                0x0801aafa       0x20 appbuild/gd32f30x_i2c.o
                0x0801aafa                i2c_stop_on_bus
 .text.i2c_data_transmit
                0x0801ab1a       0x22 appbuild/gd32f30x_i2c.o
                0x0801ab1a                i2c_data_transmit
 .text.i2c_data_receive
                0x0801ab3c       0x1c appbuild/gd32f30x_i2c.o
                0x0801ab3c                i2c_data_receive
 .text.i2c_flag_get
                0x0801ab58       0x3e appbuild/gd32f30x_i2c.o
                0x0801ab58                i2c_flag_get
 .text.i2c_flag_clear
                0x0801ab96       0x5c appbuild/gd32f30x_i2c.o
                0x0801ab96                i2c_flag_clear
 .text.rcu_periph_clock_enable
                0x0801abf2       0x46 appbuild/gd32f30x_rcu.o
                0x0801abf2                rcu_periph_clock_enable
 .text.rcu_periph_reset_enable
                0x0801ac38       0x46 appbuild/gd32f30x_rcu.o
                0x0801ac38                rcu_periph_reset_enable
 .text.rcu_periph_reset_disable
                0x0801ac7e       0x4a appbuild/gd32f30x_rcu.o
                0x0801ac7e                rcu_periph_reset_disable
 .text.rcu_clock_freq_get
                0x0801acc8      0x1d8 appbuild/gd32f30x_rcu.o
                0x0801acc8                rcu_clock_freq_get
 .text.spi_init
                0x0801aea0       0x84 appbuild/gd32f30x_spi.o
                0x0801aea0                spi_init
 .text.spi_enable
                0x0801af24       0x20 appbuild/gd32f30x_spi.o
                0x0801af24                spi_enable
 .text.spi_i2s_data_transmit
                0x0801af44       0x22 appbuild/gd32f30x_spi.o
                0x0801af44                spi_i2s_data_transmit
 .text.spi_crc_polynomial_set
                0x0801af66       0x2e appbuild/gd32f30x_spi.o
                0x0801af66                spi_crc_polynomial_set
 .text.spi_i2s_flag_get
                0x0801af94       0x2a appbuild/gd32f30x_spi.o
                0x0801af94                spi_i2s_flag_get
 *fill*         0x0801afbe        0x2 
 .text.usart_deinit
                0x0801afc0       0xa8 appbuild/gd32f30x_usart.o
                0x0801afc0                usart_deinit
 .text.usart_baudrate_set
                0x0801b068       0xc8 appbuild/gd32f30x_usart.o
                0x0801b068                usart_baudrate_set
 .text.usart_parity_config
                0x0801b130       0x38 appbuild/gd32f30x_usart.o
                0x0801b130                usart_parity_config
 .text.usart_word_length_set
                0x0801b168       0x38 appbuild/gd32f30x_usart.o
                0x0801b168                usart_word_length_set
 .text.usart_stop_bit_set
                0x0801b1a0       0x38 appbuild/gd32f30x_usart.o
                0x0801b1a0                usart_stop_bit_set
 .text.usart_enable
                0x0801b1d8       0x24 appbuild/gd32f30x_usart.o
                0x0801b1d8                usart_enable
 .text.usart_transmit_config
                0x0801b1fc       0x3c appbuild/gd32f30x_usart.o
                0x0801b1fc                usart_transmit_config
 .text.usart_receive_config
                0x0801b238       0x3c appbuild/gd32f30x_usart.o
                0x0801b238                usart_receive_config
 .text.usart_data_transmit
                0x0801b274       0x24 appbuild/gd32f30x_usart.o
                0x0801b274                usart_data_transmit
 .text.usart_data_receive
                0x0801b298       0x22 appbuild/gd32f30x_usart.o
                0x0801b298                usart_data_receive
 .text.usart_hardware_flow_rts_config
                0x0801b2ba       0x3c appbuild/gd32f30x_usart.o
                0x0801b2ba                usart_hardware_flow_rts_config
 .text.usart_hardware_flow_cts_config
                0x0801b2f6       0x3c appbuild/gd32f30x_usart.o
                0x0801b2f6                usart_hardware_flow_cts_config
 .text.usart_flag_get
                0x0801b332       0x3e appbuild/gd32f30x_usart.o
                0x0801b332                usart_flag_get
 .text.usart_flag_clear
                0x0801b370       0x44 appbuild/gd32f30x_usart.o
                0x0801b370                usart_flag_clear
 .text.usart_interrupt_enable
                0x0801b3b4       0x42 appbuild/gd32f30x_usart.o
                0x0801b3b4                usart_interrupt_enable
 *fill*         0x0801b3f6        0x2 
 .text.LCD_Gpio_Init
                0x0801b3f8       0xb4 appbuild/lcd.o
 .text.LCD_SPI_Send
                0x0801b4ac       0x48 appbuild/lcd.o
 .text.LCD_Write_Cmd
                0x0801b4f4       0x28 appbuild/lcd.o
 .text.LCD_Write_Data
                0x0801b51c       0x28 appbuild/lcd.o
 .text.LCD_Write_HalfWord
                0x0801b544       0x38 appbuild/lcd.o
                0x0801b544                LCD_Write_HalfWord
 .text.LCD_Address_Set